Release 14.7 - xst P.20131013 (lin64)
Copyright (c) 1995-2013 Xilinx, Inc.  All rights reserved.
--> 
Parameter TMPDIR set to xst/projnav.tmp


Total REAL time to Xst completion: 0.00 secs
Total CPU time to Xst completion: 0.06 secs
 
--> 
Parameter xsthdpdir set to xst


Total REAL time to Xst completion: 0.00 secs
Total CPU time to Xst completion: 0.06 secs
 
--> 
Reading design: TestBench.prj

TABLE OF CONTENTS
  1) Synthesis Options Summary
  2) HDL Compilation
  3) Design Hierarchy Analysis
  4) HDL Analysis
  5) HDL Synthesis
     5.1) HDL Synthesis Report
  6) Advanced HDL Synthesis
     6.1) Advanced HDL Synthesis Report
  7) Low Level Synthesis
  8) Partition Report
  9) Final Report
	9.1) Device utilization summary
	9.2) Partition Resource Summary
	9.3) TIMING REPORT


=========================================================================
*                      Synthesis Options Summary                        *
=========================================================================
---- Source Parameters
Input File Name                    : "TestBench.prj"
Input Format                       : mixed
Ignore Synthesis Constraint File   : NO

---- Target Parameters
Output File Name                   : "TestBench"
Output Format                      : NGC
Target Device                      : xc3s400-4-pq208

---- Source Options
Top Module Name                    : TestBench
Automatic FSM Extraction           : YES
FSM Encoding Algorithm             : Auto
Safe Implementation                : No
FSM Style                          : LUT
RAM Extraction                     : Yes
RAM Style                          : Auto
ROM Extraction                     : Yes
Mux Style                          : Auto
Decoder Extraction                 : YES
Priority Encoder Extraction        : Yes
Shift Register Extraction          : YES
Logical Shifter Extraction         : YES
XOR Collapsing                     : YES
ROM Style                          : Auto
Mux Extraction                     : Yes
Resource Sharing                   : YES
Asynchronous To Synchronous        : NO
Multiplier Style                   : Auto
Automatic Register Balancing       : No

---- Target Options
Add IO Buffers                     : YES
Global Maximum Fanout              : 100000
Add Generic Clock Buffer(BUFG)     : 8
Register Duplication               : YES
Slice Packing                      : YES
Optimize Instantiated Primitives   : NO
Use Clock Enable                   : Yes
Use Synchronous Set                : Yes
Use Synchronous Reset              : Yes
Pack IO Registers into IOBs        : Auto
Equivalent register Removal        : YES

---- General Options
Optimization Goal                  : Speed
Optimization Effort                : 1
Keep Hierarchy                     : No
Netlist Hierarchy                  : As_Optimized
RTL Output                         : Yes
Global Optimization                : AllClockNets
Read Cores                         : YES
Write Timing Constraints           : NO
Cross Clock Analysis               : NO
Hierarchy Separator                : /
Bus Delimiter                      : <>
Case Specifier                     : Maintain
Slice Utilization Ratio            : 100
BRAM Utilization Ratio             : 100
Verilog 2001                       : YES
Auto BRAM Packing                  : NO
Slice Utilization Ratio Delta      : 5

=========================================================================


=========================================================================
*                          HDL Compilation                              *
=========================================================================
Compiling verilog file "Encrypt.v" in library work
Compiling verilog file "TestBench.v" in library work
Module <Encrypt> compiled
Module <TestBench> compiled
No errors in compilation
Analysis of file <"TestBench.prj"> succeeded.
 

=========================================================================
*                     Design Hierarchy Analysis                         *
=========================================================================
Analyzing hierarchy for module <TestBench> in library <work>.

Analyzing hierarchy for module <Encrypt> in library <work> with parameters.
	ROUND_NO = "0000"


=========================================================================
*                            HDL Analysis                               *
=========================================================================
Analyzing top module <TestBench>.
WARNING:Xst:2320 - "TestBench.v" line 10: Value for signal TestState in initial block is not constant. The initialization will be ignored.
Module <TestBench> is correct for synthesis.
 
Analyzing module <Encrypt> in library <work>.
	ROUND_NO = 4'b0000
"Encrypt.v" line 403: $display : @*
WARNING:Xst:2323 - "Encrypt.v" line 404: Parameter 2 is not constant in call of system task $display.
"Encrypt.v" line 404: $display : Block is %h
"Encrypt.v" line 405: $display : INIT_UPDATE
	Calling function <AddRoundKey>.
WARNING:Xst:2323 - "Encrypt.v" line 10: Parameter 2 is not constant in call of system task $display.
WARNING:Xst:2323 - "Encrypt.v" line 10: Parameter 3 is not constant in call of system task $display.
"Encrypt.v" line 10: $display : AddRoundKey state is %h, Roundkey is %h
WARNING:Xst:2323 - "Encrypt.v" line 12: Parameter 2 is not constant in call of system task $display.
"Encrypt.v" line 12: $display : output is %h
WARNING:Xst:2323 - "Encrypt.v" line 410: Parameter 2 is not constant in call of system task $display.
"Encrypt.v" line 410: $display : State after INIT_UPDATE is %h
"Encrypt.v" line 414: $display : MAIN_UPDATE 00000001
	Calling function <SubBytes>.
"Encrypt.v" line 21: $display : SubBytes
	Calling function <ShiftRow>.
"Encrypt.v" line 289: $display : ShiftRow
	Calling function <mixcolumn>.
"Encrypt.v" line 342: $display : mixcolumn
	Calling function <mul_32bit>.
	Calling function <m2>.
	Calling function <m3>.
	Calling function <m2>.
	Calling function <m2>.
	Calling function <m3>.
	Calling function <m2>.
	Calling function <m2>.
	Calling function <m3>.
	Calling function <m2>.
	Calling function <m3>.
	Calling function <m2>.
	Calling function <m2>.
	Calling function <mul_32bit>.
	Calling function <m2>.
	Calling function <m3>.
	Calling function <m2>.
	Calling function <m2>.
	Calling function <m3>.
	Calling function <m2>.
	Calling function <m2>.
	Calling function <m3>.
	Calling function <m2>.
	Calling function <m3>.
	Calling function <m2>.
	Calling function <m2>.
	Calling function <mul_32bit>.
	Calling function <m2>.
	Calling function <m3>.
	Calling function <m2>.
	Calling function <m2>.
	Calling function <m3>.
	Calling function <m2>.
	Calling function <m2>.
	Calling function <m3>.
	Calling function <m2>.
	Calling function <m3>.
	Calling function <m2>.
	Calling function <m2>.
	Calling function <mul_32bit>.
	Calling function <m2>.
	Calling function <m3>.
	Calling function <m2>.
	Calling function <m2>.
	Calling function <m3>.
	Calling function <m2>.
	Calling function <m2>.
	Calling function <m3>.
	Calling function <m2>.
	Calling function <m3>.
	Calling function <m2>.
	Calling function <m2>.
	Calling function <aes_key>.
WARNING:Xst:2323 - "Encrypt.v" line 374: Parameter 2 is not constant in call of system task $display.
"Encrypt.v" line 374: $display : aes_key key=%h round=1 RCON=01
	Calling function <SubBytes>.
"Encrypt.v" line 21: $display : SubBytes
	Calling function <RotWord>.
WARNING:Xst:2323 - "Encrypt.v" line 381: Parameter 2 is not constant in call of system task $display.
"Encrypt.v" line 381: $display : aes_key %h
	Calling function <AddRoundKey>.
WARNING:Xst:2323 - "Encrypt.v" line 10: Parameter 2 is not constant in call of system task $display.
WARNING:Xst:2323 - "Encrypt.v" line 10: Parameter 3 is not constant in call of system task $display.
"Encrypt.v" line 10: $display : AddRoundKey state is %h, Roundkey is %h
WARNING:Xst:2323 - "Encrypt.v" line 12: Parameter 2 is not constant in call of system task $display.
"Encrypt.v" line 12: $display : output is %h
"Encrypt.v" line 414: $display : MAIN_UPDATE 00000002
	Calling function <SubBytes>.
"Encrypt.v" line 21: $display : SubBytes
	Calling function <ShiftRow>.
"Encrypt.v" line 289: $display : ShiftRow
	Calling function <mixcolumn>.
"Encrypt.v" line 342: $display : mixcolumn
	Calling function <mul_32bit>.
	Calling function <m2>.
	Calling function <m3>.
	Calling function <m2>.
	Calling function <m2>.
	Calling function <m3>.
	Calling function <m2>.
	Calling function <m2>.
	Calling function <m3>.
	Calling function <m2>.
	Calling function <m3>.
	Calling function <m2>.
	Calling function <m2>.
	Calling function <mul_32bit>.
	Calling function <m2>.
	Calling function <m3>.
	Calling function <m2>.
	Calling function <m2>.
	Calling function <m3>.
	Calling function <m2>.
	Calling function <m2>.
	Calling function <m3>.
	Calling function <m2>.
	Calling function <m3>.
	Calling function <m2>.
	Calling function <m2>.
	Calling function <mul_32bit>.
	Calling function <m2>.
	Calling function <m3>.
	Calling function <m2>.
	Calling function <m2>.
	Calling function <m3>.
	Calling function <m2>.
	Calling function <m2>.
	Calling function <m3>.
	Calling function <m2>.
	Calling function <m3>.
	Calling function <m2>.
	Calling function <m2>.
	Calling function <mul_32bit>.
	Calling function <m2>.
	Calling function <m3>.
	Calling function <m2>.
	Calling function <m2>.
	Calling function <m3>.
	Calling function <m2>.
	Calling function <m2>.
	Calling function <m3>.
	Calling function <m2>.
	Calling function <m3>.
	Calling function <m2>.
	Calling function <m2>.
	Calling function <aes_key>.
WARNING:Xst:2323 - "Encrypt.v" line 374: Parameter 2 is not constant in call of system task $display.
"Encrypt.v" line 374: $display : aes_key key=%h round=2 RCON=02
	Calling function <SubBytes>.
"Encrypt.v" line 21: $display : SubBytes
	Calling function <RotWord>.
WARNING:Xst:2323 - "Encrypt.v" line 381: Parameter 2 is not constant in call of system task $display.
"Encrypt.v" line 381: $display : aes_key %h
	Calling function <AddRoundKey>.
WARNING:Xst:2323 - "Encrypt.v" line 10: Parameter 2 is not constant in call of system task $display.
WARNING:Xst:2323 - "Encrypt.v" line 10: Parameter 3 is not constant in call of system task $display.
"Encrypt.v" line 10: $display : AddRoundKey state is %h, Roundkey is %h
WARNING:Xst:2323 - "Encrypt.v" line 12: Parameter 2 is not constant in call of system task $display.
"Encrypt.v" line 12: $display : output is %h
"Encrypt.v" line 414: $display : MAIN_UPDATE 00000003
	Calling function <SubBytes>.
"Encrypt.v" line 21: $display : SubBytes
	Calling function <ShiftRow>.
"Encrypt.v" line 289: $display : ShiftRow
	Calling function <mixcolumn>.
"Encrypt.v" line 342: $display : mixcolumn
	Calling function <mul_32bit>.
	Calling function <m2>.
	Calling function <m3>.
	Calling function <m2>.
	Calling function <m2>.
	Calling function <m3>.
	Calling function <m2>.
	Calling function <m2>.
	Calling function <m3>.
	Calling function <m2>.
	Calling function <m3>.
	Calling function <m2>.
	Calling function <m2>.
	Calling function <mul_32bit>.
	Calling function <m2>.
	Calling function <m3>.
	Calling function <m2>.
	Calling function <m2>.
	Calling function <m3>.
	Calling function <m2>.
	Calling function <m2>.
	Calling function <m3>.
	Calling function <m2>.
	Calling function <m3>.
	Calling function <m2>.
	Calling function <m2>.
	Calling function <mul_32bit>.
	Calling function <m2>.
	Calling function <m3>.
	Calling function <m2>.
	Calling function <m2>.
	Calling function <m3>.
	Calling function <m2>.
	Calling function <m2>.
	Calling function <m3>.
	Calling function <m2>.
	Calling function <m3>.
	Calling function <m2>.
	Calling function <m2>.
	Calling function <mul_32bit>.
	Calling function <m2>.
	Calling function <m3>.
	Calling function <m2>.
	Calling function <m2>.
	Calling function <m3>.
	Calling function <m2>.
	Calling function <m2>.
	Calling function <m3>.
	Calling function <m2>.
	Calling function <m3>.
	Calling function <m2>.
	Calling function <m2>.
	Calling function <aes_key>.
WARNING:Xst:2323 - "Encrypt.v" line 374: Parameter 2 is not constant in call of system task $display.
"Encrypt.v" line 374: $display : aes_key key=%h round=3 RCON=04
	Calling function <SubBytes>.
"Encrypt.v" line 21: $display : SubBytes
	Calling function <RotWord>.
WARNING:Xst:2323 - "Encrypt.v" line 381: Parameter 2 is not constant in call of system task $display.
"Encrypt.v" line 381: $display : aes_key %h
	Calling function <AddRoundKey>.
WARNING:Xst:2323 - "Encrypt.v" line 10: Parameter 2 is not constant in call of system task $display.
WARNING:Xst:2323 - "Encrypt.v" line 10: Parameter 3 is not constant in call of system task $display.
"Encrypt.v" line 10: $display : AddRoundKey state is %h, Roundkey is %h
WARNING:Xst:2323 - "Encrypt.v" line 12: Parameter 2 is not constant in call of system task $display.
"Encrypt.v" line 12: $display : output is %h
"Encrypt.v" line 414: $display : MAIN_UPDATE 00000004
	Calling function <SubBytes>.
"Encrypt.v" line 21: $display : SubBytes
	Calling function <ShiftRow>.
"Encrypt.v" line 289: $display : ShiftRow
	Calling function <mixcolumn>.
"Encrypt.v" line 342: $display : mixcolumn
	Calling function <mul_32bit>.
	Calling function <m2>.
	Calling function <m3>.
	Calling function <m2>.
	Calling function <m2>.
	Calling function <m3>.
	Calling function <m2>.
	Calling function <m2>.
	Calling function <m3>.
	Calling function <m2>.
	Calling function <m3>.
	Calling function <m2>.
	Calling function <m2>.
	Calling function <mul_32bit>.
	Calling function <m2>.
	Calling function <m3>.
	Calling function <m2>.
	Calling function <m2>.
	Calling function <m3>.
	Calling function <m2>.
	Calling function <m2>.
	Calling function <m3>.
	Calling function <m2>.
	Calling function <m3>.
	Calling function <m2>.
	Calling function <m2>.
	Calling function <mul_32bit>.
	Calling function <m2>.
	Calling function <m3>.
	Calling function <m2>.
	Calling function <m2>.
	Calling function <m3>.
	Calling function <m2>.
	Calling function <m2>.
	Calling function <m3>.
	Calling function <m2>.
	Calling function <m3>.
	Calling function <m2>.
	Calling function <m2>.
	Calling function <mul_32bit>.
	Calling function <m2>.
	Calling function <m3>.
	Calling function <m2>.
	Calling function <m2>.
	Calling function <m3>.
	Calling function <m2>.
	Calling function <m2>.
	Calling function <m3>.
	Calling function <m2>.
	Calling function <m3>.
	Calling function <m2>.
	Calling function <m2>.
	Calling function <aes_key>.
WARNING:Xst:2323 - "Encrypt.v" line 374: Parameter 2 is not constant in call of system task $display.
"Encrypt.v" line 374: $display : aes_key key=%h round=4 RCON=08
	Calling function <SubBytes>.
"Encrypt.v" line 21: $display : SubBytes
	Calling function <RotWord>.
WARNING:Xst:2323 - "Encrypt.v" line 381: Parameter 2 is not constant in call of system task $display.
"Encrypt.v" line 381: $display : aes_key %h
	Calling function <AddRoundKey>.
WARNING:Xst:2323 - "Encrypt.v" line 10: Parameter 2 is not constant in call of system task $display.
WARNING:Xst:2323 - "Encrypt.v" line 10: Parameter 3 is not constant in call of system task $display.
"Encrypt.v" line 10: $display : AddRoundKey state is %h, Roundkey is %h
WARNING:Xst:2323 - "Encrypt.v" line 12: Parameter 2 is not constant in call of system task $display.
"Encrypt.v" line 12: $display : output is %h
"Encrypt.v" line 414: $display : MAIN_UPDATE 00000005
	Calling function <SubBytes>.
"Encrypt.v" line 21: $display : SubBytes
	Calling function <ShiftRow>.
"Encrypt.v" line 289: $display : ShiftRow
	Calling function <mixcolumn>.
"Encrypt.v" line 342: $display : mixcolumn
	Calling function <mul_32bit>.
	Calling function <m2>.
	Calling function <m3>.
	Calling function <m2>.
	Calling function <m2>.
	Calling function <m3>.
	Calling function <m2>.
	Calling function <m2>.
	Calling function <m3>.
	Calling function <m2>.
	Calling function <m3>.
	Calling function <m2>.
	Calling function <m2>.
	Calling function <mul_32bit>.
	Calling function <m2>.
	Calling function <m3>.
	Calling function <m2>.
	Calling function <m2>.
	Calling function <m3>.
	Calling function <m2>.
	Calling function <m2>.
	Calling function <m3>.
	Calling function <m2>.
	Calling function <m3>.
	Calling function <m2>.
	Calling function <m2>.
	Calling function <mul_32bit>.
	Calling function <m2>.
	Calling function <m3>.
	Calling function <m2>.
	Calling function <m2>.
	Calling function <m3>.
	Calling function <m2>.
	Calling function <m2>.
	Calling function <m3>.
	Calling function <m2>.
	Calling function <m3>.
	Calling function <m2>.
	Calling function <m2>.
	Calling function <mul_32bit>.
	Calling function <m2>.
	Calling function <m3>.
	Calling function <m2>.
	Calling function <m2>.
	Calling function <m3>.
	Calling function <m2>.
	Calling function <m2>.
	Calling function <m3>.
	Calling function <m2>.
	Calling function <m3>.
	Calling function <m2>.
	Calling function <m2>.
	Calling function <aes_key>.
WARNING:Xst:2323 - "Encrypt.v" line 374: Parameter 2 is not constant in call of system task $display.
"Encrypt.v" line 374: $display : aes_key key=%h round=5 RCON=10
	Calling function <SubBytes>.
"Encrypt.v" line 21: $display : SubBytes
	Calling function <RotWord>.
WARNING:Xst:2323 - "Encrypt.v" line 381: Parameter 2 is not constant in call of system task $display.
"Encrypt.v" line 381: $display : aes_key %h
	Calling function <AddRoundKey>.
WARNING:Xst:2323 - "Encrypt.v" line 10: Parameter 2 is not constant in call of system task $display.
WARNING:Xst:2323 - "Encrypt.v" line 10: Parameter 3 is not constant in call of system task $display.
"Encrypt.v" line 10: $display : AddRoundKey state is %h, Roundkey is %h
WARNING:Xst:2323 - "Encrypt.v" line 12: Parameter 2 is not constant in call of system task $display.
"Encrypt.v" line 12: $display : output is %h
"Encrypt.v" line 414: $display : MAIN_UPDATE 00000006
	Calling function <SubBytes>.
"Encrypt.v" line 21: $display : SubBytes
	Calling function <ShiftRow>.
"Encrypt.v" line 289: $display : ShiftRow
	Calling function <mixcolumn>.
"Encrypt.v" line 342: $display : mixcolumn
	Calling function <mul_32bit>.
	Calling function <m2>.
	Calling function <m3>.
	Calling function <m2>.
	Calling function <m2>.
	Calling function <m3>.
	Calling function <m2>.
	Calling function <m2>.
	Calling function <m3>.
	Calling function <m2>.
	Calling function <m3>.
	Calling function <m2>.
	Calling function <m2>.
	Calling function <mul_32bit>.
	Calling function <m2>.
	Calling function <m3>.
	Calling function <m2>.
	Calling function <m2>.
	Calling function <m3>.
	Calling function <m2>.
	Calling function <m2>.
	Calling function <m3>.
	Calling function <m2>.
	Calling function <m3>.
	Calling function <m2>.
	Calling function <m2>.
	Calling function <mul_32bit>.
	Calling function <m2>.
	Calling function <m3>.
	Calling function <m2>.
	Calling function <m2>.
	Calling function <m3>.
	Calling function <m2>.
	Calling function <m2>.
	Calling function <m3>.
	Calling function <m2>.
	Calling function <m3>.
	Calling function <m2>.
	Calling function <m2>.
	Calling function <mul_32bit>.
	Calling function <m2>.
	Calling function <m3>.
	Calling function <m2>.
	Calling function <m2>.
	Calling function <m3>.
	Calling function <m2>.
	Calling function <m2>.
	Calling function <m3>.
	Calling function <m2>.
	Calling function <m3>.
	Calling function <m2>.
	Calling function <m2>.
	Calling function <aes_key>.
WARNING:Xst:2323 - "Encrypt.v" line 374: Parameter 2 is not constant in call of system task $display.
"Encrypt.v" line 374: $display : aes_key key=%h round=6 RCON=20
	Calling function <SubBytes>.
"Encrypt.v" line 21: $display : SubBytes
	Calling function <RotWord>.
WARNING:Xst:2323 - "Encrypt.v" line 381: Parameter 2 is not constant in call of system task $display.
"Encrypt.v" line 381: $display : aes_key %h
	Calling function <AddRoundKey>.
WARNING:Xst:2323 - "Encrypt.v" line 10: Parameter 2 is not constant in call of system task $display.
WARNING:Xst:2323 - "Encrypt.v" line 10: Parameter 3 is not constant in call of system task $display.
"Encrypt.v" line 10: $display : AddRoundKey state is %h, Roundkey is %h
WARNING:Xst:2323 - "Encrypt.v" line 12: Parameter 2 is not constant in call of system task $display.
"Encrypt.v" line 12: $display : output is %h
"Encrypt.v" line 414: $display : MAIN_UPDATE 00000007
	Calling function <SubBytes>.
"Encrypt.v" line 21: $display : SubBytes
	Calling function <ShiftRow>.
"Encrypt.v" line 289: $display : ShiftRow
	Calling function <mixcolumn>.
"Encrypt.v" line 342: $display : mixcolumn
	Calling function <mul_32bit>.
	Calling function <m2>.
	Calling function <m3>.
	Calling function <m2>.
	Calling function <m2>.
	Calling function <m3>.
	Calling function <m2>.
	Calling function <m2>.
	Calling function <m3>.
	Calling function <m2>.
	Calling function <m3>.
	Calling function <m2>.
	Calling function <m2>.
	Calling function <mul_32bit>.
	Calling function <m2>.
	Calling function <m3>.
	Calling function <m2>.
	Calling function <m2>.
	Calling function <m3>.
	Calling function <m2>.
	Calling function <m2>.
	Calling function <m3>.
	Calling function <m2>.
	Calling function <m3>.
	Calling function <m2>.
	Calling function <m2>.
	Calling function <mul_32bit>.
	Calling function <m2>.
	Calling function <m3>.
	Calling function <m2>.
	Calling function <m2>.
	Calling function <m3>.
	Calling function <m2>.
	Calling function <m2>.
	Calling function <m3>.
	Calling function <m2>.
	Calling function <m3>.
	Calling function <m2>.
	Calling function <m2>.
	Calling function <mul_32bit>.
	Calling function <m2>.
	Calling function <m3>.
	Calling function <m2>.
	Calling function <m2>.
	Calling function <m3>.
	Calling function <m2>.
	Calling function <m2>.
	Calling function <m3>.
	Calling function <m2>.
	Calling function <m3>.
	Calling function <m2>.
	Calling function <m2>.
	Calling function <aes_key>.
WARNING:Xst:2323 - "Encrypt.v" line 374: Parameter 2 is not constant in call of system task $display.
"Encrypt.v" line 374: $display : aes_key key=%h round=7 RCON=40
	Calling function <SubBytes>.
"Encrypt.v" line 21: $display : SubBytes
	Calling function <RotWord>.
WARNING:Xst:2323 - "Encrypt.v" line 381: Parameter 2 is not constant in call of system task $display.
"Encrypt.v" line 381: $display : aes_key %h
	Calling function <AddRoundKey>.
WARNING:Xst:2323 - "Encrypt.v" line 10: Parameter 2 is not constant in call of system task $display.
WARNING:Xst:2323 - "Encrypt.v" line 10: Parameter 3 is not constant in call of system task $display.
"Encrypt.v" line 10: $display : AddRoundKey state is %h, Roundkey is %h
WARNING:Xst:2323 - "Encrypt.v" line 12: Parameter 2 is not constant in call of system task $display.
"Encrypt.v" line 12: $display : output is %h
"Encrypt.v" line 414: $display : MAIN_UPDATE 00000008
	Calling function <SubBytes>.
"Encrypt.v" line 21: $display : SubBytes
	Calling function <ShiftRow>.
"Encrypt.v" line 289: $display : ShiftRow
	Calling function <mixcolumn>.
"Encrypt.v" line 342: $display : mixcolumn
	Calling function <mul_32bit>.
	Calling function <m2>.
	Calling function <m3>.
	Calling function <m2>.
	Calling function <m2>.
	Calling function <m3>.
	Calling function <m2>.
	Calling function <m2>.
	Calling function <m3>.
	Calling function <m2>.
	Calling function <m3>.
	Calling function <m2>.
	Calling function <m2>.
	Calling function <mul_32bit>.
	Calling function <m2>.
	Calling function <m3>.
	Calling function <m2>.
	Calling function <m2>.
	Calling function <m3>.
	Calling function <m2>.
	Calling function <m2>.
	Calling function <m3>.
	Calling function <m2>.
	Calling function <m3>.
	Calling function <m2>.
	Calling function <m2>.
	Calling function <mul_32bit>.
	Calling function <m2>.
	Calling function <m3>.
	Calling function <m2>.
	Calling function <m2>.
	Calling function <m3>.
	Calling function <m2>.
	Calling function <m2>.
	Calling function <m3>.
	Calling function <m2>.
	Calling function <m3>.
	Calling function <m2>.
	Calling function <m2>.
	Calling function <mul_32bit>.
	Calling function <m2>.
	Calling function <m3>.
	Calling function <m2>.
	Calling function <m2>.
	Calling function <m3>.
	Calling function <m2>.
	Calling function <m2>.
	Calling function <m3>.
	Calling function <m2>.
	Calling function <m3>.
	Calling function <m2>.
	Calling function <m2>.
	Calling function <aes_key>.
WARNING:Xst:2323 - "Encrypt.v" line 374: Parameter 2 is not constant in call of system task $display.
"Encrypt.v" line 374: $display : aes_key key=%h round=8 RCON=80
	Calling function <SubBytes>.
"Encrypt.v" line 21: $display : SubBytes
	Calling function <RotWord>.
WARNING:Xst:2323 - "Encrypt.v" line 381: Parameter 2 is not constant in call of system task $display.
"Encrypt.v" line 381: $display : aes_key %h
	Calling function <AddRoundKey>.
WARNING:Xst:2323 - "Encrypt.v" line 10: Parameter 2 is not constant in call of system task $display.
WARNING:Xst:2323 - "Encrypt.v" line 10: Parameter 3 is not constant in call of system task $display.
"Encrypt.v" line 10: $display : AddRoundKey state is %h, Roundkey is %h
WARNING:Xst:2323 - "Encrypt.v" line 12: Parameter 2 is not constant in call of system task $display.
"Encrypt.v" line 12: $display : output is %h
"Encrypt.v" line 414: $display : MAIN_UPDATE 00000009
	Calling function <SubBytes>.
"Encrypt.v" line 21: $display : SubBytes
	Calling function <ShiftRow>.
"Encrypt.v" line 289: $display : ShiftRow
	Calling function <mixcolumn>.
"Encrypt.v" line 342: $display : mixcolumn
	Calling function <mul_32bit>.
	Calling function <m2>.
	Calling function <m3>.
	Calling function <m2>.
	Calling function <m2>.
	Calling function <m3>.
	Calling function <m2>.
	Calling function <m2>.
	Calling function <m3>.
	Calling function <m2>.
	Calling function <m3>.
	Calling function <m2>.
	Calling function <m2>.
	Calling function <mul_32bit>.
	Calling function <m2>.
	Calling function <m3>.
	Calling function <m2>.
	Calling function <m2>.
	Calling function <m3>.
	Calling function <m2>.
	Calling function <m2>.
	Calling function <m3>.
	Calling function <m2>.
	Calling function <m3>.
	Calling function <m2>.
	Calling function <m2>.
	Calling function <mul_32bit>.
	Calling function <m2>.
	Calling function <m3>.
	Calling function <m2>.
	Calling function <m2>.
	Calling function <m3>.
	Calling function <m2>.
	Calling function <m2>.
	Calling function <m3>.
	Calling function <m2>.
	Calling function <m3>.
	Calling function <m2>.
	Calling function <m2>.
	Calling function <mul_32bit>.
	Calling function <m2>.
	Calling function <m3>.
	Calling function <m2>.
	Calling function <m2>.
	Calling function <m3>.
	Calling function <m2>.
	Calling function <m2>.
	Calling function <m3>.
	Calling function <m2>.
	Calling function <m3>.
	Calling function <m2>.
	Calling function <m2>.
	Calling function <aes_key>.
WARNING:Xst:2323 - "Encrypt.v" line 374: Parameter 2 is not constant in call of system task $display.
"Encrypt.v" line 374: $display : aes_key key=%h round=9 RCON=1b
	Calling function <SubBytes>.
"Encrypt.v" line 21: $display : SubBytes
	Calling function <RotWord>.
WARNING:Xst:2323 - "Encrypt.v" line 381: Parameter 2 is not constant in call of system task $display.
"Encrypt.v" line 381: $display : aes_key %h
	Calling function <AddRoundKey>.
WARNING:Xst:2323 - "Encrypt.v" line 10: Parameter 2 is not constant in call of system task $display.
WARNING:Xst:2323 - "Encrypt.v" line 10: Parameter 3 is not constant in call of system task $display.
"Encrypt.v" line 10: $display : AddRoundKey state is %h, Roundkey is %h
WARNING:Xst:2323 - "Encrypt.v" line 12: Parameter 2 is not constant in call of system task $display.
"Encrypt.v" line 12: $display : output is %h
"Encrypt.v" line 426: $display : FINAL_UPDATE
	Calling function <SubBytes>.
"Encrypt.v" line 21: $display : SubBytes
	Calling function <ShiftRow>.
"Encrypt.v" line 289: $display : ShiftRow
	Calling function <aes_key>.
WARNING:Xst:2323 - "Encrypt.v" line 374: Parameter 2 is not constant in call of system task $display.
"Encrypt.v" line 374: $display : aes_key key=%h round=a RCON=36
	Calling function <SubBytes>.
"Encrypt.v" line 21: $display : SubBytes
	Calling function <RotWord>.
WARNING:Xst:2323 - "Encrypt.v" line 381: Parameter 2 is not constant in call of system task $display.
"Encrypt.v" line 381: $display : aes_key %h
	Calling function <AddRoundKey>.
WARNING:Xst:2323 - "Encrypt.v" line 10: Parameter 2 is not constant in call of system task $display.
WARNING:Xst:2323 - "Encrypt.v" line 10: Parameter 3 is not constant in call of system task $display.
"Encrypt.v" line 10: $display : AddRoundKey state is %h, Roundkey is %h
WARNING:Xst:2323 - "Encrypt.v" line 12: Parameter 2 is not constant in call of system task $display.
"Encrypt.v" line 12: $display : output is %h
Module <Encrypt> is correct for synthesis.
 

=========================================================================
*                           HDL Synthesis                               *
=========================================================================

Performing bidirectional port resolution...

Synthesizing Unit <Encrypt>.
    Related source file is "Encrypt.v".
WARNING:Xst:646 - Signal <round_logic/temp> is assigned but never used. This unconnected signal will be trimmed during the optimization process.
WARNING:Xst:646 - Signal <round_logic/key_old> is assigned but never used. This unconnected signal will be trimmed during the optimization process.
WARNING:Xst:646 - Signal <round_logic/key_new> is assigned but never used. This unconnected signal will be trimmed during the optimization process.
WARNING:Xst:646 - Signal <round_logic/block_old> is assigned but never used. This unconnected signal will be trimmed during the optimization process.
WARNING:Xst:646 - Signal <round_logic/block_new> is assigned but never used. This unconnected signal will be trimmed during the optimization process.
    Found 256x8-bit ROM for signal <$COND_3>.
    Found 256x8-bit ROM for signal <$COND_5>.
    Found 256x8-bit ROM for signal <$COND_7>.
    Found 256x8-bit ROM for signal <$COND_9>.
    Found 256x8-bit ROM for signal <$COND_11>.
    Found 256x8-bit ROM for signal <$COND_13>.
    Found 256x8-bit ROM for signal <$COND_15>.
    Found 256x8-bit ROM for signal <$COND_17>.
    Found 256x8-bit ROM for signal <$COND_19>.
    Found 256x8-bit ROM for signal <$COND_21>.
    Found 256x8-bit ROM for signal <$COND_23>.
    Found 256x8-bit ROM for signal <$COND_25>.
    Found 256x8-bit ROM for signal <$COND_27>.
    Found 256x8-bit ROM for signal <$COND_29>.
    Found 256x8-bit ROM for signal <$COND_31>.
    Found 256x8-bit ROM for signal <$COND_33>.
    Found 256x8-bit ROM for signal <$COND_55>.
    Found 256x8-bit ROM for signal <$COND_57>.
    Found 256x8-bit ROM for signal <$COND_59>.
    Found 256x8-bit ROM for signal <$COND_61>.
    Found 256x8-bit ROM for signal <$COND_89>.
    Found 256x8-bit ROM for signal <$COND_91>.
    Found 256x8-bit ROM for signal <$COND_93>.
    Found 256x8-bit ROM for signal <$COND_95>.
    Found 256x8-bit ROM for signal <$COND_97>.
    Found 256x8-bit ROM for signal <$COND_99>.
    Found 256x8-bit ROM for signal <$COND_101>.
    Found 256x8-bit ROM for signal <$COND_103>.
    Found 256x8-bit ROM for signal <$COND_105>.
    Found 256x8-bit ROM for signal <$COND_107>.
    Found 256x8-bit ROM for signal <$COND_109>.
    Found 256x8-bit ROM for signal <$COND_111>.
    Found 256x8-bit ROM for signal <$COND_113>.
    Found 256x8-bit ROM for signal <$COND_115>.
    Found 256x8-bit ROM for signal <$COND_117>.
    Found 256x8-bit ROM for signal <$COND_119>.
    Found 256x8-bit ROM for signal <$COND_141>.
    Found 256x8-bit ROM for signal <$COND_143>.
    Found 256x8-bit ROM for signal <$COND_145>.
    Found 256x8-bit ROM for signal <$COND_147>.
    Found 256x8-bit ROM for signal <$COND_175>.
    Found 256x8-bit ROM for signal <$COND_177>.
    Found 256x8-bit ROM for signal <$COND_179>.
    Found 256x8-bit ROM for signal <$COND_181>.
    Found 256x8-bit ROM for signal <$COND_183>.
    Found 256x8-bit ROM for signal <$COND_185>.
    Found 256x8-bit ROM for signal <$COND_187>.
    Found 256x8-bit ROM for signal <$COND_189>.
    Found 256x8-bit ROM for signal <$COND_191>.
    Found 256x8-bit ROM for signal <$COND_193>.
    Found 256x8-bit ROM for signal <$COND_195>.
    Found 256x8-bit ROM for signal <$COND_197>.
    Found 256x8-bit ROM for signal <$COND_199>.
    Found 256x8-bit ROM for signal <$COND_201>.
    Found 256x8-bit ROM for signal <$COND_203>.
    Found 256x8-bit ROM for signal <$COND_205>.
    Found 256x8-bit ROM for signal <$COND_227>.
    Found 256x8-bit ROM for signal <$COND_229>.
    Found 256x8-bit ROM for signal <$COND_231>.
    Found 256x8-bit ROM for signal <$COND_233>.
    Found 256x8-bit ROM for signal <$COND_261>.
    Found 256x8-bit ROM for signal <$COND_263>.
    Found 256x8-bit ROM for signal <$COND_265>.
    Found 256x8-bit ROM for signal <$COND_267>.
    Found 256x8-bit ROM for signal <$COND_269>.
    Found 256x8-bit ROM for signal <$COND_271>.
    Found 256x8-bit ROM for signal <$COND_273>.
    Found 256x8-bit ROM for signal <$COND_275>.
    Found 256x8-bit ROM for signal <$COND_277>.
    Found 256x8-bit ROM for signal <$COND_279>.
    Found 256x8-bit ROM for signal <$COND_281>.
    Found 256x8-bit ROM for signal <$COND_283>.
    Found 256x8-bit ROM for signal <$COND_285>.
    Found 256x8-bit ROM for signal <$COND_287>.
    Found 256x8-bit ROM for signal <$COND_289>.
    Found 256x8-bit ROM for signal <$COND_291>.
    Found 256x8-bit ROM for signal <$COND_313>.
    Found 256x8-bit ROM for signal <$COND_315>.
    Found 256x8-bit ROM for signal <$COND_317>.
    Found 256x8-bit ROM for signal <$COND_319>.
    Found 256x8-bit ROM for signal <$COND_347>.
    Found 256x8-bit ROM for signal <$COND_349>.
    Found 256x8-bit ROM for signal <$COND_351>.
    Found 256x8-bit ROM for signal <$COND_353>.
    Found 256x8-bit ROM for signal <$COND_355>.
    Found 256x8-bit ROM for signal <$COND_357>.
    Found 256x8-bit ROM for signal <$COND_359>.
    Found 256x8-bit ROM for signal <$COND_361>.
    Found 256x8-bit ROM for signal <$COND_363>.
    Found 256x8-bit ROM for signal <$COND_365>.
    Found 256x8-bit ROM for signal <$COND_367>.
    Found 256x8-bit ROM for signal <$COND_369>.
    Found 256x8-bit ROM for signal <$COND_371>.
    Found 256x8-bit ROM for signal <$COND_373>.
    Found 256x8-bit ROM for signal <$COND_375>.
    Found 256x8-bit ROM for signal <$COND_377>.
    Found 256x8-bit ROM for signal <$COND_399>.
    Found 256x8-bit ROM for signal <$COND_401>.
    Found 256x8-bit ROM for signal <$COND_403>.
    Found 256x8-bit ROM for signal <$COND_405>.
    Found 256x8-bit ROM for signal <$COND_433>.
    Found 256x8-bit ROM for signal <$COND_435>.
    Found 256x8-bit ROM for signal <$COND_437>.
    Found 256x8-bit ROM for signal <$COND_439>.
    Found 256x8-bit ROM for signal <$COND_441>.
    Found 256x8-bit ROM for signal <$COND_443>.
    Found 256x8-bit ROM for signal <$COND_445>.
    Found 256x8-bit ROM for signal <$COND_447>.
    Found 256x8-bit ROM for signal <$COND_449>.
    Found 256x8-bit ROM for signal <$COND_451>.
    Found 256x8-bit ROM for signal <$COND_453>.
    Found 256x8-bit ROM for signal <$COND_455>.
    Found 256x8-bit ROM for signal <$COND_457>.
    Found 256x8-bit ROM for signal <$COND_459>.
    Found 256x8-bit ROM for signal <$COND_461>.
    Found 256x8-bit ROM for signal <$COND_463>.
    Found 256x8-bit ROM for signal <$COND_485>.
    Found 256x8-bit ROM for signal <$COND_487>.
    Found 256x8-bit ROM for signal <$COND_489>.
    Found 256x8-bit ROM for signal <$COND_491>.
    Found 256x8-bit ROM for signal <$COND_519>.
    Found 256x8-bit ROM for signal <$COND_521>.
    Found 256x8-bit ROM for signal <$COND_523>.
    Found 256x8-bit ROM for signal <$COND_525>.
    Found 256x8-bit ROM for signal <$COND_527>.
    Found 256x8-bit ROM for signal <$COND_529>.
    Found 256x8-bit ROM for signal <$COND_531>.
    Found 256x8-bit ROM for signal <$COND_533>.
    Found 256x8-bit ROM for signal <$COND_535>.
    Found 256x8-bit ROM for signal <$COND_537>.
    Found 256x8-bit ROM for signal <$COND_539>.
    Found 256x8-bit ROM for signal <$COND_541>.
    Found 256x8-bit ROM for signal <$COND_543>.
    Found 256x8-bit ROM for signal <$COND_545>.
    Found 256x8-bit ROM for signal <$COND_547>.
    Found 256x8-bit ROM for signal <$COND_549>.
    Found 256x8-bit ROM for signal <$COND_571>.
    Found 256x8-bit ROM for signal <$COND_573>.
    Found 256x8-bit ROM for signal <$COND_575>.
    Found 256x8-bit ROM for signal <$COND_577>.
    Found 256x8-bit ROM for signal <$COND_605>.
    Found 256x8-bit ROM for signal <$COND_607>.
    Found 256x8-bit ROM for signal <$COND_609>.
    Found 256x8-bit ROM for signal <$COND_611>.
    Found 256x8-bit ROM for signal <$COND_613>.
    Found 256x8-bit ROM for signal <$COND_615>.
    Found 256x8-bit ROM for signal <$COND_617>.
    Found 256x8-bit ROM for signal <$COND_619>.
    Found 256x8-bit ROM for signal <$COND_621>.
    Found 256x8-bit ROM for signal <$COND_623>.
    Found 256x8-bit ROM for signal <$COND_625>.
    Found 256x8-bit ROM for signal <$COND_627>.
    Found 256x8-bit ROM for signal <$COND_629>.
    Found 256x8-bit ROM for signal <$COND_631>.
    Found 256x8-bit ROM for signal <$COND_633>.
    Found 256x8-bit ROM for signal <$COND_635>.
    Found 256x8-bit ROM for signal <$COND_657>.
    Found 256x8-bit ROM for signal <$COND_659>.
    Found 256x8-bit ROM for signal <$COND_661>.
    Found 256x8-bit ROM for signal <$COND_663>.
    Found 256x8-bit ROM for signal <$COND_691>.
    Found 256x8-bit ROM for signal <$COND_693>.
    Found 256x8-bit ROM for signal <$COND_695>.
    Found 256x8-bit ROM for signal <$COND_697>.
    Found 256x8-bit ROM for signal <$COND_699>.
    Found 256x8-bit ROM for signal <$COND_701>.
    Found 256x8-bit ROM for signal <$COND_703>.
    Found 256x8-bit ROM for signal <$COND_705>.
    Found 256x8-bit ROM for signal <$COND_707>.
    Found 256x8-bit ROM for signal <$COND_709>.
    Found 256x8-bit ROM for signal <$COND_711>.
    Found 256x8-bit ROM for signal <$COND_713>.
    Found 256x8-bit ROM for signal <$COND_715>.
    Found 256x8-bit ROM for signal <$COND_717>.
    Found 256x8-bit ROM for signal <$COND_719>.
    Found 256x8-bit ROM for signal <$COND_721>.
    Found 256x8-bit ROM for signal <$COND_743>.
    Found 256x8-bit ROM for signal <$COND_745>.
    Found 256x8-bit ROM for signal <$COND_747>.
    Found 256x8-bit ROM for signal <$COND_749>.
    Found 256x8-bit ROM for signal <$COND_777>.
    Found 256x8-bit ROM for signal <$COND_779>.
    Found 256x8-bit ROM for signal <$COND_781>.
    Found 256x8-bit ROM for signal <$COND_783>.
    Found 256x8-bit ROM for signal <$COND_785>.
    Found 256x8-bit ROM for signal <$COND_787>.
    Found 256x8-bit ROM for signal <$COND_789>.
    Found 256x8-bit ROM for signal <$COND_791>.
    Found 256x8-bit ROM for signal <$COND_793>.
    Found 256x8-bit ROM for signal <$COND_795>.
    Found 256x8-bit ROM for signal <$COND_797>.
    Found 256x8-bit ROM for signal <$COND_799>.
    Found 256x8-bit ROM for signal <$COND_801>.
    Found 256x8-bit ROM for signal <$COND_803>.
    Found 256x8-bit ROM for signal <$COND_805>.
    Found 256x8-bit ROM for signal <$COND_807>.
    Found 256x8-bit ROM for signal <$COND_813>.
    Found 256x8-bit ROM for signal <$COND_815>.
    Found 256x8-bit ROM for signal <$COND_817>.
    Found 256x8-bit ROM for signal <$COND_819>.
    Found 32-bit xor2 for signal <key_new$xor0001> created at line 377.
    Found 32-bit xor2 for signal <key_new$xor0002> created at line 378.
    Found 32-bit xor2 for signal <key_new$xor0003> created at line 379.
    Found 32-bit xor2 for signal <key_new$xor0005> created at line 377.
    Found 32-bit xor2 for signal <key_new$xor0006> created at line 378.
    Found 32-bit xor2 for signal <key_new$xor0007> created at line 379.
    Found 32-bit xor2 for signal <key_new$xor0009> created at line 377.
    Found 32-bit xor2 for signal <key_new$xor0010> created at line 378.
    Found 32-bit xor2 for signal <key_new$xor0011> created at line 379.
    Found 32-bit xor2 for signal <key_new$xor0013> created at line 377.
    Found 32-bit xor2 for signal <key_new$xor0014> created at line 378.
    Found 32-bit xor2 for signal <key_new$xor0015> created at line 379.
    Found 32-bit xor2 for signal <key_new$xor0017> created at line 377.
    Found 32-bit xor2 for signal <key_new$xor0018> created at line 378.
    Found 32-bit xor2 for signal <key_new$xor0019> created at line 379.
    Found 32-bit xor2 for signal <key_new$xor0021> created at line 377.
    Found 32-bit xor2 for signal <key_new$xor0022> created at line 378.
    Found 32-bit xor2 for signal <key_new$xor0023> created at line 379.
    Found 32-bit xor2 for signal <key_new$xor0025> created at line 377.
    Found 32-bit xor2 for signal <key_new$xor0026> created at line 378.
    Found 32-bit xor2 for signal <key_new$xor0027> created at line 379.
    Found 32-bit xor2 for signal <key_new$xor0029> created at line 377.
    Found 32-bit xor2 for signal <key_new$xor0030> created at line 378.
    Found 32-bit xor2 for signal <key_new$xor0031> created at line 379.
    Found 32-bit xor2 for signal <key_new$xor0033> created at line 377.
    Found 32-bit xor2 for signal <key_new$xor0034> created at line 378.
    Found 32-bit xor2 for signal <key_new$xor0035> created at line 379.
    Found 32-bit xor2 for signal <key_new$xor0037> created at line 377.
    Found 32-bit xor2 for signal <key_new$xor0038> created at line 378.
    Found 32-bit xor2 for signal <key_new$xor0039> created at line 379.
    Found 1-bit xor2 for signal <key_new$xor0040> created at line 376.
    Found 1-bit xor2 for signal <key_new$xor0041> created at line 376.
    Found 1-bit xor2 for signal <key_new$xor0042> created at line 376.
    Found 1-bit xor2 for signal <key_new$xor0043> created at line 376.
    Found 1-bit xor2 for signal <key_new$xor0044> created at line 376.
    Found 1-bit xor2 for signal <key_new$xor0045> created at line 376.
    Found 1-bit xor2 for signal <key_new$xor0046> created at line 376.
    Found 1-bit xor2 for signal <key_new$xor0048> created at line 376.
    Found 1-bit xor2 for signal <key_new$xor0049> created at line 376.
    Found 1-bit xor2 for signal <key_new$xor0050> created at line 376.
    Found 1-bit xor2 for signal <key_new$xor0051> created at line 376.
    Found 1-bit xor2 for signal <key_new$xor0052> created at line 376.
    Found 1-bit xor2 for signal <key_new$xor0053> created at line 376.
    Found 1-bit xor2 for signal <key_new$xor0054> created at line 376.
    Found 1-bit xor2 for signal <key_new$xor0055> created at line 376.
    Found 1-bit xor2 for signal <key_new$xor0056> created at line 376.
    Found 1-bit xor2 for signal <key_new$xor0057> created at line 376.
    Found 1-bit xor2 for signal <key_new$xor0058> created at line 376.
    Found 1-bit xor2 for signal <key_new$xor0059> created at line 376.
    Found 1-bit xor2 for signal <key_new$xor0060> created at line 376.
    Found 1-bit xor2 for signal <key_new$xor0061> created at line 376.
    Found 1-bit xor2 for signal <key_new$xor0062> created at line 376.
    Found 1-bit xor2 for signal <key_new$xor0063> created at line 376.
    Found 1-bit xor2 for signal <key_new$xor0064> created at line 376.
    Found 1-bit xor2 for signal <key_new$xor0065> created at line 376.
    Found 1-bit xor2 for signal <key_new$xor0066> created at line 376.
    Found 1-bit xor2 for signal <key_new$xor0067> created at line 376.
    Found 1-bit xor2 for signal <key_new$xor0068> created at line 376.
    Found 1-bit xor2 for signal <key_new$xor0069> created at line 376.
    Found 1-bit xor2 for signal <key_new$xor0070> created at line 376.
    Found 1-bit xor2 for signal <key_new$xor0071> created at line 376.
    Found 1-bit xor2 for signal <key_new$xor0072> created at line 376.
    Found 1-bit xor2 for signal <key_new$xor0073> created at line 376.
    Found 1-bit xor2 for signal <key_new$xor0074> created at line 376.
    Found 1-bit xor2 for signal <key_new$xor0075> created at line 376.
    Found 1-bit xor2 for signal <key_new$xor0076> created at line 376.
    Found 1-bit xor2 for signal <key_new$xor0077> created at line 376.
    Found 1-bit xor2 for signal <key_new$xor0079> created at line 376.
    Found 1-bit xor2 for signal <key_new$xor0080> created at line 376.
    Found 1-bit xor2 for signal <key_new$xor0081> created at line 376.
    Found 1-bit xor2 for signal <key_new$xor0082> created at line 376.
    Found 1-bit xor2 for signal <key_new$xor0083> created at line 376.
    Found 1-bit xor2 for signal <key_new$xor0084> created at line 376.
    Found 1-bit xor2 for signal <key_new$xor0085> created at line 376.
    Found 1-bit xor2 for signal <key_new$xor0086> created at line 376.
    Found 1-bit xor2 for signal <key_new$xor0087> created at line 376.
    Found 1-bit xor2 for signal <key_new$xor0088> created at line 376.
    Found 1-bit xor2 for signal <key_new$xor0089> created at line 376.
    Found 1-bit xor2 for signal <key_new$xor0090> created at line 376.
    Found 1-bit xor2 for signal <key_new$xor0091> created at line 376.
    Found 1-bit xor2 for signal <key_new$xor0092> created at line 376.
    Found 1-bit xor2 for signal <key_new$xor0093> created at line 376.
    Found 1-bit xor2 for signal <key_new$xor0094> created at line 376.
    Found 1-bit xor2 for signal <key_new$xor0095> created at line 376.
    Found 1-bit xor2 for signal <key_new$xor0096> created at line 376.
    Found 1-bit xor2 for signal <key_new$xor0097> created at line 376.
    Found 1-bit xor2 for signal <key_new$xor0098> created at line 376.
    Found 1-bit xor2 for signal <key_new$xor0099> created at line 376.
    Found 1-bit xor2 for signal <key_new$xor0100> created at line 376.
    Found 1-bit xor2 for signal <key_new$xor0101> created at line 376.
    Found 1-bit xor2 for signal <key_new$xor0102> created at line 376.
    Found 1-bit xor2 for signal <key_new$xor0103> created at line 376.
    Found 1-bit xor2 for signal <key_new$xor0104> created at line 376.
    Found 1-bit xor2 for signal <key_new$xor0105> created at line 376.
    Found 1-bit xor2 for signal <key_new$xor0106> created at line 376.
    Found 1-bit xor2 for signal <key_new$xor0107> created at line 376.
    Found 1-bit xor2 for signal <key_new$xor0108> created at line 376.
    Found 1-bit xor2 for signal <key_new$xor0110> created at line 376.
    Found 1-bit xor2 for signal <key_new$xor0111> created at line 376.
    Found 1-bit xor2 for signal <key_new$xor0112> created at line 376.
    Found 1-bit xor2 for signal <key_new$xor0113> created at line 376.
    Found 1-bit xor2 for signal <key_new$xor0114> created at line 376.
    Found 1-bit xor2 for signal <key_new$xor0115> created at line 376.
    Found 1-bit xor2 for signal <key_new$xor0116> created at line 376.
    Found 1-bit xor2 for signal <key_new$xor0117> created at line 376.
    Found 1-bit xor2 for signal <key_new$xor0118> created at line 376.
    Found 1-bit xor2 for signal <key_new$xor0119> created at line 376.
    Found 1-bit xor2 for signal <key_new$xor0120> created at line 376.
    Found 1-bit xor2 for signal <key_new$xor0121> created at line 376.
    Found 1-bit xor2 for signal <key_new$xor0122> created at line 376.
    Found 1-bit xor2 for signal <key_new$xor0123> created at line 376.
    Found 1-bit xor2 for signal <key_new$xor0124> created at line 376.
    Found 1-bit xor2 for signal <key_new$xor0125> created at line 376.
    Found 1-bit xor2 for signal <key_new$xor0126> created at line 376.
    Found 1-bit xor2 for signal <key_new$xor0127> created at line 376.
    Found 1-bit xor2 for signal <key_new$xor0128> created at line 376.
    Found 1-bit xor2 for signal <key_new$xor0129> created at line 376.
    Found 1-bit xor2 for signal <key_new$xor0130> created at line 376.
    Found 1-bit xor2 for signal <key_new$xor0131> created at line 376.
    Found 1-bit xor2 for signal <key_new$xor0132> created at line 376.
    Found 1-bit xor2 for signal <key_new$xor0133> created at line 376.
    Found 1-bit xor2 for signal <key_new$xor0134> created at line 376.
    Found 1-bit xor2 for signal <key_new$xor0135> created at line 376.
    Found 1-bit xor2 for signal <key_new$xor0136> created at line 376.
    Found 1-bit xor2 for signal <key_new$xor0137> created at line 376.
    Found 1-bit xor2 for signal <key_new$xor0138> created at line 376.
    Found 1-bit xor2 for signal <key_new$xor0139> created at line 376.
    Found 1-bit xor2 for signal <key_new$xor0141> created at line 376.
    Found 1-bit xor2 for signal <key_new$xor0142> created at line 376.
    Found 1-bit xor2 for signal <key_new$xor0143> created at line 376.
    Found 1-bit xor2 for signal <key_new$xor0144> created at line 376.
    Found 1-bit xor2 for signal <key_new$xor0145> created at line 376.
    Found 1-bit xor2 for signal <key_new$xor0146> created at line 376.
    Found 1-bit xor2 for signal <key_new$xor0147> created at line 376.
    Found 1-bit xor2 for signal <key_new$xor0148> created at line 376.
    Found 1-bit xor2 for signal <key_new$xor0149> created at line 376.
    Found 1-bit xor2 for signal <key_new$xor0150> created at line 376.
    Found 1-bit xor2 for signal <key_new$xor0151> created at line 376.
    Found 1-bit xor2 for signal <key_new$xor0152> created at line 376.
    Found 1-bit xor2 for signal <key_new$xor0153> created at line 376.
    Found 1-bit xor2 for signal <key_new$xor0154> created at line 376.
    Found 1-bit xor2 for signal <key_new$xor0155> created at line 376.
    Found 1-bit xor2 for signal <key_new$xor0156> created at line 376.
    Found 1-bit xor2 for signal <key_new$xor0157> created at line 376.
    Found 1-bit xor2 for signal <key_new$xor0158> created at line 376.
    Found 1-bit xor2 for signal <key_new$xor0159> created at line 376.
    Found 1-bit xor2 for signal <key_new$xor0160> created at line 376.
    Found 1-bit xor2 for signal <key_new$xor0161> created at line 376.
    Found 1-bit xor2 for signal <key_new$xor0162> created at line 376.
    Found 1-bit xor2 for signal <key_new$xor0163> created at line 376.
    Found 1-bit xor2 for signal <key_new$xor0164> created at line 376.
    Found 1-bit xor2 for signal <key_new$xor0165> created at line 376.
    Found 1-bit xor2 for signal <key_new$xor0166> created at line 376.
    Found 1-bit xor2 for signal <key_new$xor0167> created at line 376.
    Found 1-bit xor2 for signal <key_new$xor0168> created at line 376.
    Found 1-bit xor2 for signal <key_new$xor0169> created at line 376.
    Found 1-bit xor2 for signal <key_new$xor0170> created at line 376.
    Found 1-bit xor2 for signal <key_new$xor0172> created at line 376.
    Found 1-bit xor2 for signal <key_new$xor0173> created at line 376.
    Found 1-bit xor2 for signal <key_new$xor0174> created at line 376.
    Found 1-bit xor2 for signal <key_new$xor0175> created at line 376.
    Found 1-bit xor2 for signal <key_new$xor0176> created at line 376.
    Found 1-bit xor2 for signal <key_new$xor0177> created at line 376.
    Found 1-bit xor2 for signal <key_new$xor0178> created at line 376.
    Found 1-bit xor2 for signal <key_new$xor0179> created at line 376.
    Found 1-bit xor2 for signal <key_new$xor0180> created at line 376.
    Found 1-bit xor2 for signal <key_new$xor0181> created at line 376.
    Found 1-bit xor2 for signal <key_new$xor0182> created at line 376.
    Found 1-bit xor2 for signal <key_new$xor0183> created at line 376.
    Found 1-bit xor2 for signal <key_new$xor0184> created at line 376.
    Found 1-bit xor2 for signal <key_new$xor0185> created at line 376.
    Found 1-bit xor2 for signal <key_new$xor0186> created at line 376.
    Found 1-bit xor2 for signal <key_new$xor0187> created at line 376.
    Found 1-bit xor2 for signal <key_new$xor0188> created at line 376.
    Found 1-bit xor2 for signal <key_new$xor0189> created at line 376.
    Found 1-bit xor2 for signal <key_new$xor0190> created at line 376.
    Found 1-bit xor2 for signal <key_new$xor0191> created at line 376.
    Found 1-bit xor2 for signal <key_new$xor0192> created at line 376.
    Found 1-bit xor2 for signal <key_new$xor0193> created at line 376.
    Found 1-bit xor2 for signal <key_new$xor0194> created at line 376.
    Found 1-bit xor2 for signal <key_new$xor0195> created at line 376.
    Found 1-bit xor2 for signal <key_new$xor0196> created at line 376.
    Found 1-bit xor2 for signal <key_new$xor0197> created at line 376.
    Found 1-bit xor2 for signal <key_new$xor0198> created at line 376.
    Found 1-bit xor2 for signal <key_new$xor0199> created at line 376.
    Found 1-bit xor2 for signal <key_new$xor0200> created at line 376.
    Found 1-bit xor2 for signal <key_new$xor0201> created at line 376.
    Found 1-bit xor2 for signal <key_new$xor0203> created at line 376.
    Found 1-bit xor2 for signal <key_new$xor0204> created at line 376.
    Found 1-bit xor2 for signal <key_new$xor0205> created at line 376.
    Found 1-bit xor2 for signal <key_new$xor0206> created at line 376.
    Found 1-bit xor2 for signal <key_new$xor0207> created at line 376.
    Found 1-bit xor2 for signal <key_new$xor0208> created at line 376.
    Found 1-bit xor2 for signal <key_new$xor0209> created at line 376.
    Found 1-bit xor2 for signal <key_new$xor0210> created at line 376.
    Found 1-bit xor2 for signal <key_new$xor0211> created at line 376.
    Found 1-bit xor2 for signal <key_new$xor0212> created at line 376.
    Found 1-bit xor2 for signal <key_new$xor0213> created at line 376.
    Found 1-bit xor2 for signal <key_new$xor0214> created at line 376.
    Found 1-bit xor2 for signal <key_new$xor0215> created at line 376.
    Found 1-bit xor2 for signal <key_new$xor0216> created at line 376.
    Found 1-bit xor2 for signal <key_new$xor0217> created at line 376.
    Found 1-bit xor2 for signal <key_new$xor0218> created at line 376.
    Found 1-bit xor2 for signal <key_new$xor0219> created at line 376.
    Found 1-bit xor2 for signal <key_new$xor0220> created at line 376.
    Found 1-bit xor2 for signal <key_new$xor0221> created at line 376.
    Found 1-bit xor2 for signal <key_new$xor0222> created at line 376.
    Found 1-bit xor2 for signal <key_new$xor0223> created at line 376.
    Found 1-bit xor2 for signal <key_new$xor0224> created at line 376.
    Found 1-bit xor2 for signal <key_new$xor0225> created at line 376.
    Found 1-bit xor2 for signal <key_new$xor0226> created at line 376.
    Found 1-bit xor2 for signal <key_new$xor0227> created at line 376.
    Found 1-bit xor2 for signal <key_new$xor0228> created at line 376.
    Found 1-bit xor2 for signal <key_new$xor0229> created at line 376.
    Found 1-bit xor2 for signal <key_new$xor0230> created at line 376.
    Found 1-bit xor2 for signal <key_new$xor0231> created at line 376.
    Found 1-bit xor2 for signal <key_new$xor0232> created at line 376.
    Found 1-bit xor2 for signal <key_new$xor0234> created at line 376.
    Found 1-bit xor2 for signal <key_new$xor0235> created at line 376.
    Found 1-bit xor2 for signal <key_new$xor0236> created at line 376.
    Found 1-bit xor2 for signal <key_new$xor0237> created at line 376.
    Found 1-bit xor2 for signal <key_new$xor0238> created at line 376.
    Found 1-bit xor2 for signal <key_new$xor0239> created at line 376.
    Found 1-bit xor2 for signal <key_new$xor0240> created at line 376.
    Found 1-bit xor2 for signal <key_new$xor0241> created at line 376.
    Found 1-bit xor2 for signal <key_new$xor0242> created at line 376.
    Found 1-bit xor2 for signal <key_new$xor0243> created at line 376.
    Found 1-bit xor2 for signal <key_new$xor0244> created at line 376.
    Found 1-bit xor2 for signal <key_new$xor0245> created at line 376.
    Found 1-bit xor2 for signal <key_new$xor0246> created at line 376.
    Found 1-bit xor2 for signal <key_new$xor0247> created at line 376.
    Found 1-bit xor2 for signal <key_new$xor0248> created at line 376.
    Found 1-bit xor2 for signal <key_new$xor0249> created at line 376.
    Found 1-bit xor2 for signal <key_new$xor0250> created at line 376.
    Found 1-bit xor2 for signal <key_new$xor0251> created at line 376.
    Found 1-bit xor2 for signal <key_new$xor0252> created at line 376.
    Found 1-bit xor2 for signal <key_new$xor0253> created at line 376.
    Found 1-bit xor2 for signal <key_new$xor0254> created at line 376.
    Found 1-bit xor2 for signal <key_new$xor0255> created at line 376.
    Found 1-bit xor2 for signal <key_new$xor0256> created at line 376.
    Found 1-bit xor2 for signal <key_new$xor0257> created at line 376.
    Found 1-bit xor2 for signal <key_new$xor0258> created at line 376.
    Found 1-bit xor2 for signal <key_new$xor0259> created at line 376.
    Found 1-bit xor2 for signal <key_new$xor0260> created at line 376.
    Found 1-bit xor2 for signal <key_new$xor0261> created at line 376.
    Found 1-bit xor2 for signal <key_new$xor0262> created at line 376.
    Found 1-bit xor2 for signal <key_new$xor0263> created at line 376.
    Found 1-bit xor2 for signal <key_new$xor0265> created at line 376.
    Found 1-bit xor2 for signal <key_new$xor0266> created at line 376.
    Found 1-bit xor2 for signal <key_new$xor0267> created at line 376.
    Found 1-bit xor2 for signal <key_new$xor0268> created at line 376.
    Found 1-bit xor2 for signal <key_new$xor0269> created at line 376.
    Found 1-bit xor2 for signal <key_new$xor0270> created at line 376.
    Found 1-bit xor2 for signal <key_new$xor0271> created at line 376.
    Found 1-bit xor2 for signal <key_new$xor0272> created at line 376.
    Found 1-bit xor2 for signal <key_new$xor0273> created at line 376.
    Found 1-bit xor2 for signal <key_new$xor0274> created at line 376.
    Found 1-bit xor2 for signal <key_new$xor0275> created at line 376.
    Found 1-bit xor2 for signal <key_new$xor0276> created at line 376.
    Found 1-bit xor2 for signal <key_new$xor0277> created at line 376.
    Found 1-bit xor2 for signal <key_new$xor0278> created at line 376.
    Found 1-bit xor2 for signal <key_new$xor0279> created at line 376.
    Found 1-bit xor2 for signal <key_new$xor0280> created at line 376.
    Found 1-bit xor2 for signal <key_new$xor0281> created at line 376.
    Found 1-bit xor2 for signal <key_new$xor0282> created at line 376.
    Found 1-bit xor2 for signal <key_new$xor0283> created at line 376.
    Found 1-bit xor2 for signal <key_new$xor0284> created at line 376.
    Found 1-bit xor2 for signal <key_new$xor0285> created at line 376.
    Found 1-bit xor2 for signal <key_new$xor0286> created at line 376.
    Found 1-bit xor2 for signal <key_new$xor0287> created at line 376.
    Found 1-bit xor2 for signal <key_new$xor0288> created at line 376.
    Found 1-bit xor2 for signal <key_new$xor0289> created at line 376.
    Found 1-bit xor2 for signal <key_new$xor0290> created at line 376.
    Found 1-bit xor2 for signal <key_new$xor0291> created at line 376.
    Found 1-bit xor2 for signal <key_new$xor0292> created at line 376.
    Found 1-bit xor2 for signal <key_new$xor0293> created at line 376.
    Found 1-bit xor2 for signal <key_new$xor0294> created at line 376.
    Found 1-bit xor2 for signal <key_new$xor0295> created at line 376.
    Found 1-bit xor2 for signal <key_new$xor0296> created at line 376.
    Found 1-bit xor2 for signal <key_new$xor0297> created at line 376.
    Found 1-bit xor2 for signal <key_new$xor0298> created at line 376.
    Found 1-bit xor2 for signal <key_new$xor0301> created at line 376.
    Found 1-bit xor2 for signal <key_new$xor0304> created at line 376.
    Found 1-bit xor2 for signal <key_new$xor0305> created at line 376.
    Found 1-bit xor2 for signal <key_new$xor0306> created at line 376.
    Found 1-bit xor2 for signal <key_new$xor0307> created at line 376.
    Found 1-bit xor2 for signal <key_new$xor0308> created at line 376.
    Found 1-bit xor2 for signal <key_new$xor0309> created at line 376.
    Found 1-bit xor2 for signal <key_new$xor0310> created at line 376.
    Found 1-bit xor2 for signal <key_new$xor0311> created at line 376.
    Found 1-bit xor2 for signal <key_new$xor0312> created at line 376.
    Found 1-bit xor2 for signal <key_new$xor0313> created at line 376.
    Found 1-bit xor2 for signal <key_new$xor0314> created at line 376.
    Found 1-bit xor2 for signal <key_new$xor0315> created at line 376.
    Found 1-bit xor2 for signal <key_new$xor0316> created at line 376.
    Found 1-bit xor2 for signal <key_new$xor0317> created at line 376.
    Found 1-bit xor2 for signal <key_new$xor0318> created at line 376.
    Found 1-bit xor2 for signal <key_new$xor0319> created at line 376.
    Found 1-bit xor2 for signal <key_new$xor0320> created at line 376.
    Found 1-bit xor2 for signal <key_new$xor0321> created at line 376.
    Found 1-bit xor2 for signal <key_new$xor0322> created at line 376.
    Found 1-bit xor2 for signal <key_new$xor0323> created at line 376.
    Found 1-bit xor2 for signal <key_new$xor0324> created at line 376.
    Found 1-bit xor2 for signal <key_new$xor0325> created at line 376.
    Found 1-bit xor2 for signal <key_new$xor0326> created at line 376.
    Found 1-bit xor2 for signal <key_new$xor0327> created at line 376.
    Found 1-bit xor2 for signal <key_new$xor0328> created at line 376.
    Found 1-bit xor2 for signal <key_new$xor0329> created at line 376.
    Found 1-bit xor2 for signal <key_new$xor0332> created at line 376.
    Found 1-bit xor2 for signal <key_new$xor0335> created at line 376.
    Found 1-bit xor2 for signal <key_new$xor0336> created at line 376.
    Found 1-bit xor2 for signal <key_new$xor0337> created at line 376.
    Found 1-bit xor2 for signal <key_new$xor0338> created at line 376.
    Found 1-bit xor2 for signal <key_new$xor0339> created at line 376.
    Found 1-bit xor2 for signal <key_new$xor0340> created at line 376.
    Found 1-bit xor2 for signal <key_new$xor0341> created at line 376.
    Found 1-bit xor2 for signal <key_new$xor0342> created at line 376.
    Found 1-bit xor2 for signal <key_new$xor0343> created at line 376.
    Found 1-bit xor2 for signal <key_new$xor0344> created at line 376.
    Found 1-bit xor2 for signal <key_new$xor0345> created at line 376.
    Found 1-bit xor2 for signal <key_new$xor0346> created at line 376.
    Found 1-bit xor2 for signal <key_new$xor0347> created at line 376.
    Found 1-bit xor2 for signal <key_new$xor0348> created at line 376.
    Found 1-bit xor2 for signal <key_new$xor0349> created at line 376.
    Found 1-bit xor2 for signal <key_new$xor0350> created at line 376.
    Found 1-bit xor2 for signal <key_new$xor0351> created at line 376.
    Found 1-bit xor2 for signal <key_new$xor0352> created at line 376.
    Found 1-bit xor2 for signal <key_new$xor0353> created at line 376.
    Found 1-bit xor2 for signal <key_new$xor0354> created at line 376.
    Found 1-bit xor2 for signal <key_new$xor0355> created at line 376.
    Found 1-bit xor2 for signal <key_new$xor0356> created at line 376.
    Found 1-bit xor2 for signal <key_new$xor0357> created at line 376.
    Found 1-bit xor2 for signal <key_new$xor0358> created at line 376.
    Found 1-bit xor2 for signal <key_new$xor0359> created at line 376.
    Found 1-bit xor2 for signal <key_new$xor0360> created at line 376.
    Found 1-bit xor2 for signal <key_new$xor0361> created at line 376.
    Found 1-bit xor2 for signal <key_new$xor0362> created at line 376.
    Found 1-bit xor2 for signal <key_new$xor0363> created at line 376.
    Found 1-bit xor2 for signal <key_new$xor0364> created at line 376.
    Found 1-bit xor2 for signal <key_new$xor0365> created at line 376.
    Found 1-bit xor2 for signal <key_new$xor0366> created at line 376.
    Found 1-bit xor2 for signal <key_new$xor0367> created at line 376.
    Found 1-bit xor2 for signal <key_new$xor0368> created at line 376.
    Found 1-bit xor2 for signal <key_new$xor0369> created at line 376.
    Found 1-bit xor2 for signal <key_new$xor0370> created at line 376.
    Found 1-bit xor2 for signal <key_new$xor0371> created at line 376.
    Found 1-bit xor2 for signal <key_new$xor0372> created at line 376.
    Found 1-bit xor2 for signal <key_new$xor0373> created at line 376.
    Found 1-bit xor2 for signal <key_new$xor0374> created at line 376.
    Found 1-bit xor2 for signal <key_new$xor0375> created at line 376.
    Found 1-bit xor2 for signal <m2$xor0000> created at line 308.
    Found 1-bit xor2 for signal <m2$xor0001> created at line 308.
    Found 1-bit xor2 for signal <m2$xor0002> created at line 308.
    Found 1-bit xor2 for signal <m2$xor0003> created at line 308.
    Found 1-bit xor2 for signal <m2$xor0004> created at line 308.
    Found 1-bit xor2 for signal <m2$xor0005> created at line 308.
    Found 1-bit xor2 for signal <m2$xor0006> created at line 308.
    Found 1-bit xor2 for signal <m2$xor0007> created at line 308.
    Found 1-bit xor2 for signal <m2$xor0008> created at line 308.
    Found 1-bit xor2 for signal <m2$xor0009> created at line 308.
    Found 1-bit xor2 for signal <m2$xor0010> created at line 308.
    Found 1-bit xor2 for signal <m2$xor0011> created at line 308.
    Found 1-bit xor2 for signal <m2$xor0012> created at line 308.
    Found 1-bit xor2 for signal <m2$xor0013> created at line 308.
    Found 1-bit xor2 for signal <m2$xor0014> created at line 308.
    Found 1-bit xor2 for signal <m2$xor0015> created at line 308.
    Found 1-bit xor2 for signal <m2$xor0016> created at line 308.
    Found 1-bit xor2 for signal <m2$xor0017> created at line 308.
    Found 1-bit xor2 for signal <m2$xor0018> created at line 308.
    Found 1-bit xor2 for signal <m2$xor0019> created at line 308.
    Found 1-bit xor2 for signal <m2$xor0020> created at line 308.
    Found 1-bit xor2 for signal <m2$xor0021> created at line 308.
    Found 1-bit xor2 for signal <m2$xor0022> created at line 308.
    Found 1-bit xor2 for signal <m2$xor0023> created at line 308.
    Found 1-bit xor2 for signal <m2$xor0024> created at line 308.
    Found 1-bit xor2 for signal <m2$xor0025> created at line 308.
    Found 1-bit xor2 for signal <m2$xor0026> created at line 308.
    Found 1-bit xor2 for signal <m2$xor0027> created at line 308.
    Found 1-bit xor2 for signal <m2$xor0028> created at line 308.
    Found 1-bit xor2 for signal <m2$xor0029> created at line 308.
    Found 1-bit xor2 for signal <m2$xor0030> created at line 308.
    Found 1-bit xor2 for signal <m2$xor0031> created at line 308.
    Found 1-bit xor2 for signal <m2$xor0032> created at line 308.
    Found 1-bit xor2 for signal <m2$xor0033> created at line 308.
    Found 1-bit xor2 for signal <m2$xor0034> created at line 308.
    Found 1-bit xor2 for signal <m2$xor0035> created at line 308.
    Found 1-bit xor2 for signal <m2$xor0036> created at line 308.
    Found 1-bit xor2 for signal <m2$xor0037> created at line 308.
    Found 1-bit xor2 for signal <m2$xor0038> created at line 308.
    Found 1-bit xor2 for signal <m2$xor0039> created at line 308.
    Found 1-bit xor2 for signal <m2$xor0040> created at line 308.
    Found 1-bit xor2 for signal <m2$xor0041> created at line 308.
    Found 1-bit xor2 for signal <m2$xor0042> created at line 308.
    Found 1-bit xor2 for signal <m2$xor0043> created at line 308.
    Found 1-bit xor2 for signal <m2$xor0044> created at line 308.
    Found 1-bit xor2 for signal <m2$xor0045> created at line 308.
    Found 1-bit xor2 for signal <m2$xor0046> created at line 308.
    Found 1-bit xor2 for signal <m2$xor0047> created at line 308.
    Found 1-bit xor2 for signal <m2$xor0048> created at line 308.
    Found 1-bit xor2 for signal <m2$xor0049> created at line 308.
    Found 1-bit xor2 for signal <m2$xor0050> created at line 308.
    Found 1-bit xor2 for signal <m2$xor0051> created at line 308.
    Found 1-bit xor2 for signal <m2$xor0052> created at line 308.
    Found 1-bit xor2 for signal <m2$xor0053> created at line 308.
    Found 1-bit xor2 for signal <m2$xor0054> created at line 308.
    Found 1-bit xor2 for signal <m2$xor0055> created at line 308.
    Found 1-bit xor2 for signal <m2$xor0056> created at line 308.
    Found 1-bit xor2 for signal <m2$xor0057> created at line 308.
    Found 1-bit xor2 for signal <m2$xor0058> created at line 308.
    Found 1-bit xor2 for signal <m2$xor0059> created at line 308.
    Found 1-bit xor2 for signal <m2$xor0060> created at line 308.
    Found 1-bit xor2 for signal <m2$xor0061> created at line 308.
    Found 1-bit xor2 for signal <m2$xor0062> created at line 308.
    Found 1-bit xor2 for signal <m2$xor0063> created at line 308.
    Found 1-bit xor2 for signal <m2$xor0064> created at line 308.
    Found 1-bit xor2 for signal <m2$xor0065> created at line 308.
    Found 1-bit xor2 for signal <m2$xor0066> created at line 308.
    Found 1-bit xor2 for signal <m2$xor0067> created at line 308.
    Found 1-bit xor2 for signal <m2$xor0068> created at line 308.
    Found 1-bit xor2 for signal <m2$xor0069> created at line 308.
    Found 1-bit xor2 for signal <m2$xor0070> created at line 308.
    Found 1-bit xor2 for signal <m2$xor0071> created at line 308.
    Found 1-bit xor2 for signal <m2$xor0072> created at line 308.
    Found 1-bit xor2 for signal <m2$xor0073> created at line 308.
    Found 1-bit xor2 for signal <m2$xor0074> created at line 308.
    Found 1-bit xor2 for signal <m2$xor0075> created at line 308.
    Found 1-bit xor2 for signal <m2$xor0076> created at line 308.
    Found 1-bit xor2 for signal <m2$xor0077> created at line 308.
    Found 1-bit xor2 for signal <m2$xor0078> created at line 308.
    Found 1-bit xor2 for signal <m2$xor0079> created at line 308.
    Found 1-bit xor2 for signal <m2$xor0080> created at line 308.
    Found 1-bit xor2 for signal <m2$xor0081> created at line 308.
    Found 1-bit xor2 for signal <m2$xor0082> created at line 308.
    Found 1-bit xor2 for signal <m2$xor0083> created at line 308.
    Found 1-bit xor2 for signal <m2$xor0084> created at line 308.
    Found 1-bit xor2 for signal <m2$xor0085> created at line 308.
    Found 1-bit xor2 for signal <m2$xor0086> created at line 308.
    Found 1-bit xor2 for signal <m2$xor0087> created at line 308.
    Found 1-bit xor2 for signal <m2$xor0088> created at line 308.
    Found 1-bit xor2 for signal <m2$xor0089> created at line 308.
    Found 1-bit xor2 for signal <m2$xor0090> created at line 308.
    Found 1-bit xor2 for signal <m2$xor0091> created at line 308.
    Found 1-bit xor2 for signal <m2$xor0092> created at line 308.
    Found 1-bit xor2 for signal <m2$xor0093> created at line 308.
    Found 1-bit xor2 for signal <m2$xor0094> created at line 308.
    Found 1-bit xor2 for signal <m2$xor0095> created at line 308.
    Found 1-bit xor2 for signal <m2$xor0096> created at line 308.
    Found 1-bit xor2 for signal <m2$xor0097> created at line 308.
    Found 1-bit xor2 for signal <m2$xor0098> created at line 308.
    Found 1-bit xor2 for signal <m2$xor0099> created at line 308.
    Found 1-bit xor2 for signal <m2$xor0100> created at line 308.
    Found 1-bit xor2 for signal <m2$xor0101> created at line 308.
    Found 1-bit xor2 for signal <m2$xor0102> created at line 308.
    Found 1-bit xor2 for signal <m2$xor0103> created at line 308.
    Found 1-bit xor2 for signal <m2$xor0104> created at line 308.
    Found 1-bit xor2 for signal <m2$xor0105> created at line 308.
    Found 1-bit xor2 for signal <m2$xor0106> created at line 308.
    Found 1-bit xor2 for signal <m2$xor0107> created at line 308.
    Found 1-bit xor2 for signal <m2$xor0108> created at line 308.
    Found 1-bit xor2 for signal <m2$xor0109> created at line 308.
    Found 1-bit xor2 for signal <m2$xor0110> created at line 308.
    Found 1-bit xor2 for signal <m2$xor0111> created at line 308.
    Found 1-bit xor2 for signal <m2$xor0112> created at line 308.
    Found 1-bit xor2 for signal <m2$xor0113> created at line 308.
    Found 1-bit xor2 for signal <m2$xor0114> created at line 308.
    Found 1-bit xor2 for signal <m2$xor0115> created at line 308.
    Found 1-bit xor2 for signal <m2$xor0116> created at line 308.
    Found 1-bit xor2 for signal <m2$xor0117> created at line 308.
    Found 1-bit xor2 for signal <m2$xor0118> created at line 308.
    Found 1-bit xor2 for signal <m2$xor0119> created at line 308.
    Found 1-bit xor2 for signal <m2$xor0120> created at line 308.
    Found 1-bit xor2 for signal <m2$xor0121> created at line 308.
    Found 1-bit xor2 for signal <m2$xor0122> created at line 308.
    Found 1-bit xor2 for signal <m2$xor0123> created at line 308.
    Found 1-bit xor2 for signal <m2$xor0124> created at line 308.
    Found 1-bit xor2 for signal <m2$xor0125> created at line 308.
    Found 1-bit xor2 for signal <m2$xor0126> created at line 308.
    Found 1-bit xor2 for signal <m2$xor0127> created at line 308.
    Found 1-bit xor2 for signal <m2$xor0128> created at line 308.
    Found 1-bit xor2 for signal <m2$xor0129> created at line 308.
    Found 1-bit xor2 for signal <m2$xor0130> created at line 308.
    Found 1-bit xor2 for signal <m2$xor0131> created at line 308.
    Found 1-bit xor2 for signal <m2$xor0132> created at line 308.
    Found 1-bit xor2 for signal <m2$xor0133> created at line 308.
    Found 1-bit xor2 for signal <m2$xor0134> created at line 308.
    Found 1-bit xor2 for signal <m2$xor0135> created at line 308.
    Found 1-bit xor2 for signal <m2$xor0136> created at line 308.
    Found 1-bit xor2 for signal <m2$xor0137> created at line 308.
    Found 1-bit xor2 for signal <m2$xor0138> created at line 308.
    Found 1-bit xor2 for signal <m2$xor0139> created at line 308.
    Found 1-bit xor2 for signal <m2$xor0140> created at line 308.
    Found 1-bit xor2 for signal <m2$xor0141> created at line 308.
    Found 1-bit xor2 for signal <m2$xor0142> created at line 308.
    Found 1-bit xor2 for signal <m2$xor0143> created at line 308.
    Found 1-bit xor2 for signal <m2$xor0144> created at line 308.
    Found 1-bit xor2 for signal <m2$xor0145> created at line 308.
    Found 1-bit xor2 for signal <m2$xor0146> created at line 308.
    Found 1-bit xor2 for signal <m2$xor0147> created at line 308.
    Found 1-bit xor2 for signal <m2$xor0148> created at line 308.
    Found 1-bit xor2 for signal <m2$xor0149> created at line 308.
    Found 1-bit xor2 for signal <m2$xor0150> created at line 308.
    Found 1-bit xor2 for signal <m2$xor0151> created at line 308.
    Found 1-bit xor2 for signal <m2$xor0152> created at line 308.
    Found 1-bit xor2 for signal <m2$xor0153> created at line 308.
    Found 1-bit xor2 for signal <m2$xor0154> created at line 308.
    Found 1-bit xor2 for signal <m2$xor0155> created at line 308.
    Found 1-bit xor2 for signal <m2$xor0156> created at line 308.
    Found 1-bit xor2 for signal <m2$xor0157> created at line 308.
    Found 1-bit xor2 for signal <m2$xor0158> created at line 308.
    Found 1-bit xor2 for signal <m2$xor0159> created at line 308.
    Found 1-bit xor2 for signal <m2$xor0160> created at line 308.
    Found 1-bit xor2 for signal <m2$xor0161> created at line 308.
    Found 1-bit xor2 for signal <m2$xor0162> created at line 308.
    Found 1-bit xor2 for signal <m2$xor0163> created at line 308.
    Found 1-bit xor2 for signal <m2$xor0164> created at line 308.
    Found 1-bit xor2 for signal <m2$xor0165> created at line 308.
    Found 1-bit xor2 for signal <m2$xor0166> created at line 308.
    Found 1-bit xor2 for signal <m2$xor0167> created at line 308.
    Found 1-bit xor2 for signal <m2$xor0168> created at line 308.
    Found 1-bit xor2 for signal <m2$xor0169> created at line 308.
    Found 1-bit xor2 for signal <m2$xor0170> created at line 308.
    Found 1-bit xor2 for signal <m2$xor0171> created at line 308.
    Found 1-bit xor2 for signal <m2$xor0172> created at line 308.
    Found 1-bit xor2 for signal <m2$xor0173> created at line 308.
    Found 1-bit xor2 for signal <m2$xor0174> created at line 308.
    Found 1-bit xor2 for signal <m2$xor0175> created at line 308.
    Found 1-bit xor2 for signal <m2$xor0176> created at line 308.
    Found 1-bit xor2 for signal <m2$xor0177> created at line 308.
    Found 1-bit xor2 for signal <m2$xor0178> created at line 308.
    Found 1-bit xor2 for signal <m2$xor0179> created at line 308.
    Found 1-bit xor2 for signal <m2$xor0180> created at line 308.
    Found 1-bit xor2 for signal <m2$xor0181> created at line 308.
    Found 1-bit xor2 for signal <m2$xor0182> created at line 308.
    Found 1-bit xor2 for signal <m2$xor0183> created at line 308.
    Found 1-bit xor2 for signal <m2$xor0184> created at line 308.
    Found 1-bit xor2 for signal <m2$xor0185> created at line 308.
    Found 1-bit xor2 for signal <m2$xor0186> created at line 308.
    Found 1-bit xor2 for signal <m2$xor0187> created at line 308.
    Found 1-bit xor2 for signal <m2$xor0188> created at line 308.
    Found 1-bit xor2 for signal <m2$xor0189> created at line 308.
    Found 1-bit xor2 for signal <m2$xor0190> created at line 308.
    Found 1-bit xor2 for signal <m2$xor0191> created at line 308.
    Found 1-bit xor2 for signal <m2$xor0192> created at line 308.
    Found 1-bit xor2 for signal <m2$xor0193> created at line 308.
    Found 1-bit xor2 for signal <m2$xor0194> created at line 308.
    Found 1-bit xor2 for signal <m2$xor0195> created at line 308.
    Found 1-bit xor2 for signal <m2$xor0196> created at line 308.
    Found 1-bit xor2 for signal <m2$xor0197> created at line 308.
    Found 1-bit xor2 for signal <m2$xor0198> created at line 308.
    Found 1-bit xor2 for signal <m2$xor0199> created at line 308.
    Found 1-bit xor2 for signal <m2$xor0200> created at line 308.
    Found 1-bit xor2 for signal <m2$xor0201> created at line 308.
    Found 1-bit xor2 for signal <m2$xor0202> created at line 308.
    Found 1-bit xor2 for signal <m2$xor0203> created at line 308.
    Found 1-bit xor2 for signal <m2$xor0204> created at line 308.
    Found 1-bit xor2 for signal <m2$xor0205> created at line 308.
    Found 1-bit xor2 for signal <m2$xor0206> created at line 308.
    Found 1-bit xor2 for signal <m2$xor0207> created at line 308.
    Found 1-bit xor2 for signal <m2$xor0208> created at line 308.
    Found 1-bit xor2 for signal <m2$xor0209> created at line 308.
    Found 1-bit xor2 for signal <m2$xor0210> created at line 308.
    Found 1-bit xor2 for signal <m2$xor0211> created at line 308.
    Found 1-bit xor2 for signal <m2$xor0212> created at line 308.
    Found 1-bit xor2 for signal <m2$xor0213> created at line 308.
    Found 1-bit xor2 for signal <m2$xor0214> created at line 308.
    Found 1-bit xor2 for signal <m2$xor0215> created at line 308.
    Found 1-bit xor2 for signal <m2$xor0216> created at line 308.
    Found 1-bit xor2 for signal <m2$xor0217> created at line 308.
    Found 1-bit xor2 for signal <m2$xor0218> created at line 308.
    Found 1-bit xor2 for signal <m2$xor0219> created at line 308.
    Found 1-bit xor2 for signal <m2$xor0220> created at line 308.
    Found 1-bit xor2 for signal <m2$xor0221> created at line 308.
    Found 1-bit xor2 for signal <m2$xor0222> created at line 308.
    Found 1-bit xor2 for signal <m2$xor0223> created at line 308.
    Found 1-bit xor2 for signal <m2$xor0224> created at line 308.
    Found 1-bit xor2 for signal <m2$xor0225> created at line 308.
    Found 1-bit xor2 for signal <m2$xor0226> created at line 308.
    Found 1-bit xor2 for signal <m2$xor0227> created at line 308.
    Found 1-bit xor2 for signal <m2$xor0228> created at line 308.
    Found 1-bit xor2 for signal <m2$xor0229> created at line 308.
    Found 1-bit xor2 for signal <m2$xor0230> created at line 308.
    Found 1-bit xor2 for signal <m2$xor0231> created at line 308.
    Found 1-bit xor2 for signal <m2$xor0232> created at line 308.
    Found 1-bit xor2 for signal <m2$xor0233> created at line 308.
    Found 1-bit xor2 for signal <m2$xor0234> created at line 308.
    Found 1-bit xor2 for signal <m2$xor0235> created at line 308.
    Found 1-bit xor2 for signal <m2$xor0236> created at line 308.
    Found 1-bit xor2 for signal <m2$xor0237> created at line 308.
    Found 1-bit xor2 for signal <m2$xor0238> created at line 308.
    Found 1-bit xor2 for signal <m2$xor0239> created at line 308.
    Found 1-bit xor2 for signal <m2$xor0240> created at line 308.
    Found 1-bit xor2 for signal <m2$xor0241> created at line 308.
    Found 1-bit xor2 for signal <m2$xor0242> created at line 308.
    Found 1-bit xor2 for signal <m2$xor0243> created at line 308.
    Found 1-bit xor2 for signal <m2$xor0244> created at line 308.
    Found 1-bit xor2 for signal <m2$xor0245> created at line 308.
    Found 1-bit xor2 for signal <m2$xor0246> created at line 308.
    Found 1-bit xor2 for signal <m2$xor0247> created at line 308.
    Found 1-bit xor2 for signal <m2$xor0248> created at line 308.
    Found 1-bit xor2 for signal <m2$xor0249> created at line 308.
    Found 1-bit xor2 for signal <m2$xor0250> created at line 308.
    Found 1-bit xor2 for signal <m2$xor0251> created at line 308.
    Found 1-bit xor2 for signal <m2$xor0252> created at line 308.
    Found 1-bit xor2 for signal <m2$xor0253> created at line 308.
    Found 1-bit xor2 for signal <m2$xor0254> created at line 308.
    Found 1-bit xor2 for signal <m2$xor0255> created at line 308.
    Found 1-bit xor2 for signal <m2$xor0256> created at line 308.
    Found 1-bit xor2 for signal <m2$xor0257> created at line 308.
    Found 1-bit xor2 for signal <m2$xor0258> created at line 308.
    Found 1-bit xor2 for signal <m2$xor0259> created at line 308.
    Found 1-bit xor2 for signal <m2$xor0260> created at line 308.
    Found 1-bit xor2 for signal <m2$xor0261> created at line 308.
    Found 1-bit xor2 for signal <m2$xor0262> created at line 308.
    Found 1-bit xor2 for signal <m2$xor0263> created at line 308.
    Found 1-bit xor2 for signal <m2$xor0264> created at line 308.
    Found 1-bit xor2 for signal <m2$xor0265> created at line 308.
    Found 1-bit xor2 for signal <m2$xor0266> created at line 308.
    Found 1-bit xor2 for signal <m2$xor0267> created at line 308.
    Found 1-bit xor2 for signal <m2$xor0268> created at line 308.
    Found 1-bit xor2 for signal <m2$xor0269> created at line 308.
    Found 1-bit xor2 for signal <m2$xor0270> created at line 308.
    Found 1-bit xor2 for signal <m2$xor0271> created at line 308.
    Found 1-bit xor2 for signal <m2$xor0272> created at line 308.
    Found 1-bit xor2 for signal <m2$xor0273> created at line 308.
    Found 1-bit xor2 for signal <m2$xor0274> created at line 308.
    Found 1-bit xor2 for signal <m2$xor0275> created at line 308.
    Found 1-bit xor2 for signal <m2$xor0276> created at line 308.
    Found 1-bit xor2 for signal <m2$xor0277> created at line 308.
    Found 1-bit xor2 for signal <m2$xor0278> created at line 308.
    Found 1-bit xor2 for signal <m2$xor0279> created at line 308.
    Found 1-bit xor2 for signal <m2$xor0280> created at line 308.
    Found 1-bit xor2 for signal <m2$xor0281> created at line 308.
    Found 1-bit xor2 for signal <m2$xor0282> created at line 308.
    Found 1-bit xor2 for signal <m2$xor0283> created at line 308.
    Found 1-bit xor2 for signal <m2$xor0284> created at line 308.
    Found 1-bit xor2 for signal <m2$xor0285> created at line 308.
    Found 1-bit xor2 for signal <m2$xor0286> created at line 308.
    Found 1-bit xor2 for signal <m2$xor0287> created at line 308.
    Found 1-bit xor2 for signal <m2$xor0288> created at line 308.
    Found 1-bit xor2 for signal <m2$xor0289> created at line 308.
    Found 1-bit xor2 for signal <m2$xor0290> created at line 308.
    Found 1-bit xor2 for signal <m2$xor0291> created at line 308.
    Found 1-bit xor2 for signal <m2$xor0292> created at line 308.
    Found 1-bit xor2 for signal <m2$xor0293> created at line 308.
    Found 1-bit xor2 for signal <m2$xor0294> created at line 308.
    Found 1-bit xor2 for signal <m2$xor0295> created at line 308.
    Found 1-bit xor2 for signal <m2$xor0296> created at line 308.
    Found 1-bit xor2 for signal <m2$xor0297> created at line 308.
    Found 1-bit xor2 for signal <m2$xor0298> created at line 308.
    Found 1-bit xor2 for signal <m2$xor0299> created at line 308.
    Found 1-bit xor2 for signal <m2$xor0300> created at line 308.
    Found 1-bit xor2 for signal <m2$xor0301> created at line 308.
    Found 1-bit xor2 for signal <m2$xor0302> created at line 308.
    Found 1-bit xor2 for signal <m2$xor0303> created at line 308.
    Found 1-bit xor2 for signal <m2$xor0304> created at line 308.
    Found 1-bit xor2 for signal <m2$xor0305> created at line 308.
    Found 1-bit xor2 for signal <m2$xor0306> created at line 308.
    Found 1-bit xor2 for signal <m2$xor0307> created at line 308.
    Found 1-bit xor2 for signal <m2$xor0308> created at line 308.
    Found 1-bit xor2 for signal <m2$xor0309> created at line 308.
    Found 1-bit xor2 for signal <m2$xor0310> created at line 308.
    Found 1-bit xor2 for signal <m2$xor0311> created at line 308.
    Found 1-bit xor2 for signal <m2$xor0312> created at line 308.
    Found 1-bit xor2 for signal <m2$xor0313> created at line 308.
    Found 1-bit xor2 for signal <m2$xor0314> created at line 308.
    Found 1-bit xor2 for signal <m2$xor0315> created at line 308.
    Found 1-bit xor2 for signal <m2$xor0316> created at line 308.
    Found 1-bit xor2 for signal <m2$xor0317> created at line 308.
    Found 1-bit xor2 for signal <m2$xor0318> created at line 308.
    Found 1-bit xor2 for signal <m2$xor0319> created at line 308.
    Found 1-bit xor2 for signal <m2$xor0320> created at line 308.
    Found 1-bit xor2 for signal <m2$xor0321> created at line 308.
    Found 1-bit xor2 for signal <m2$xor0322> created at line 308.
    Found 1-bit xor2 for signal <m2$xor0323> created at line 308.
    Found 1-bit xor2 for signal <m2$xor0324> created at line 308.
    Found 1-bit xor2 for signal <m2$xor0325> created at line 308.
    Found 1-bit xor2 for signal <m2$xor0326> created at line 308.
    Found 1-bit xor2 for signal <m2$xor0327> created at line 308.
    Found 1-bit xor2 for signal <m2$xor0328> created at line 308.
    Found 1-bit xor2 for signal <m2$xor0329> created at line 308.
    Found 1-bit xor2 for signal <m2$xor0330> created at line 308.
    Found 1-bit xor2 for signal <m2$xor0331> created at line 308.
    Found 1-bit xor2 for signal <m2$xor0332> created at line 308.
    Found 1-bit xor2 for signal <m2$xor0333> created at line 308.
    Found 1-bit xor2 for signal <m2$xor0334> created at line 308.
    Found 1-bit xor2 for signal <m2$xor0335> created at line 308.
    Found 1-bit xor2 for signal <m2$xor0336> created at line 308.
    Found 1-bit xor2 for signal <m2$xor0337> created at line 308.
    Found 1-bit xor2 for signal <m2$xor0338> created at line 308.
    Found 1-bit xor2 for signal <m2$xor0339> created at line 308.
    Found 1-bit xor2 for signal <m2$xor0340> created at line 308.
    Found 1-bit xor2 for signal <m2$xor0341> created at line 308.
    Found 1-bit xor2 for signal <m2$xor0342> created at line 308.
    Found 1-bit xor2 for signal <m2$xor0343> created at line 308.
    Found 1-bit xor2 for signal <m2$xor0344> created at line 308.
    Found 1-bit xor2 for signal <m2$xor0345> created at line 308.
    Found 1-bit xor2 for signal <m2$xor0346> created at line 308.
    Found 1-bit xor2 for signal <m2$xor0347> created at line 308.
    Found 1-bit xor2 for signal <m2$xor0348> created at line 308.
    Found 1-bit xor2 for signal <m2$xor0349> created at line 308.
    Found 1-bit xor2 for signal <m2$xor0350> created at line 308.
    Found 1-bit xor2 for signal <m2$xor0351> created at line 308.
    Found 1-bit xor2 for signal <m2$xor0352> created at line 308.
    Found 1-bit xor2 for signal <m2$xor0353> created at line 308.
    Found 1-bit xor2 for signal <m2$xor0354> created at line 308.
    Found 1-bit xor2 for signal <m2$xor0355> created at line 308.
    Found 1-bit xor2 for signal <m2$xor0356> created at line 308.
    Found 1-bit xor2 for signal <m2$xor0357> created at line 308.
    Found 1-bit xor2 for signal <m2$xor0358> created at line 308.
    Found 1-bit xor2 for signal <m2$xor0359> created at line 308.
    Found 1-bit xor2 for signal <m2$xor0360> created at line 308.
    Found 1-bit xor2 for signal <m2$xor0361> created at line 308.
    Found 1-bit xor2 for signal <m2$xor0362> created at line 308.
    Found 1-bit xor2 for signal <m2$xor0363> created at line 308.
    Found 1-bit xor2 for signal <m2$xor0364> created at line 308.
    Found 1-bit xor2 for signal <m2$xor0365> created at line 308.
    Found 1-bit xor2 for signal <m2$xor0366> created at line 308.
    Found 1-bit xor2 for signal <m2$xor0367> created at line 308.
    Found 1-bit xor2 for signal <m2$xor0368> created at line 308.
    Found 1-bit xor2 for signal <m2$xor0369> created at line 308.
    Found 1-bit xor2 for signal <m2$xor0370> created at line 308.
    Found 1-bit xor2 for signal <m2$xor0371> created at line 308.
    Found 1-bit xor2 for signal <m2$xor0372> created at line 308.
    Found 1-bit xor2 for signal <m2$xor0373> created at line 308.
    Found 1-bit xor2 for signal <m2$xor0374> created at line 308.
    Found 1-bit xor2 for signal <m2$xor0375> created at line 308.
    Found 1-bit xor2 for signal <m2$xor0376> created at line 308.
    Found 1-bit xor2 for signal <m2$xor0377> created at line 308.
    Found 1-bit xor2 for signal <m2$xor0378> created at line 308.
    Found 1-bit xor2 for signal <m2$xor0379> created at line 308.
    Found 1-bit xor2 for signal <m2$xor0380> created at line 308.
    Found 1-bit xor2 for signal <m2$xor0381> created at line 308.
    Found 1-bit xor2 for signal <m2$xor0382> created at line 308.
    Found 1-bit xor2 for signal <m2$xor0383> created at line 308.
    Found 1-bit xor2 for signal <m2$xor0384> created at line 308.
    Found 1-bit xor2 for signal <m2$xor0385> created at line 308.
    Found 1-bit xor2 for signal <m2$xor0386> created at line 308.
    Found 1-bit xor2 for signal <m2$xor0387> created at line 308.
    Found 1-bit xor2 for signal <m2$xor0388> created at line 308.
    Found 1-bit xor2 for signal <m2$xor0389> created at line 308.
    Found 1-bit xor2 for signal <m2$xor0390> created at line 308.
    Found 1-bit xor2 for signal <m2$xor0391> created at line 308.
    Found 1-bit xor2 for signal <m2$xor0392> created at line 308.
    Found 1-bit xor2 for signal <m2$xor0393> created at line 308.
    Found 1-bit xor2 for signal <m2$xor0394> created at line 308.
    Found 1-bit xor2 for signal <m2$xor0395> created at line 308.
    Found 1-bit xor2 for signal <m2$xor0396> created at line 308.
    Found 1-bit xor2 for signal <m2$xor0397> created at line 308.
    Found 1-bit xor2 for signal <m2$xor0398> created at line 308.
    Found 1-bit xor2 for signal <m2$xor0399> created at line 308.
    Found 1-bit xor2 for signal <m2$xor0400> created at line 308.
    Found 1-bit xor2 for signal <m2$xor0401> created at line 308.
    Found 1-bit xor2 for signal <m2$xor0402> created at line 308.
    Found 1-bit xor2 for signal <m2$xor0403> created at line 308.
    Found 1-bit xor2 for signal <m2$xor0404> created at line 308.
    Found 1-bit xor2 for signal <m2$xor0405> created at line 308.
    Found 1-bit xor2 for signal <m2$xor0406> created at line 308.
    Found 1-bit xor2 for signal <m2$xor0407> created at line 308.
    Found 1-bit xor2 for signal <m2$xor0408> created at line 308.
    Found 1-bit xor2 for signal <m2$xor0409> created at line 308.
    Found 1-bit xor2 for signal <m2$xor0410> created at line 308.
    Found 1-bit xor2 for signal <m2$xor0411> created at line 308.
    Found 1-bit xor2 for signal <m2$xor0412> created at line 308.
    Found 1-bit xor2 for signal <m2$xor0413> created at line 308.
    Found 1-bit xor2 for signal <m2$xor0414> created at line 308.
    Found 1-bit xor2 for signal <m2$xor0415> created at line 308.
    Found 1-bit xor2 for signal <m2$xor0416> created at line 308.
    Found 1-bit xor2 for signal <m2$xor0417> created at line 308.
    Found 1-bit xor2 for signal <m2$xor0418> created at line 308.
    Found 1-bit xor2 for signal <m2$xor0419> created at line 308.
    Found 1-bit xor2 for signal <m2$xor0420> created at line 308.
    Found 1-bit xor2 for signal <m2$xor0421> created at line 308.
    Found 1-bit xor2 for signal <m2$xor0422> created at line 308.
    Found 1-bit xor2 for signal <m2$xor0423> created at line 308.
    Found 1-bit xor2 for signal <m2$xor0424> created at line 308.
    Found 1-bit xor2 for signal <m2$xor0425> created at line 308.
    Found 1-bit xor2 for signal <m2$xor0426> created at line 308.
    Found 1-bit xor2 for signal <m2$xor0427> created at line 308.
    Found 1-bit xor2 for signal <m2$xor0428> created at line 308.
    Found 1-bit xor2 for signal <m2$xor0429> created at line 308.
    Found 1-bit xor2 for signal <m2$xor0430> created at line 308.
    Found 1-bit xor2 for signal <m2$xor0431> created at line 308.
    Summary:
	inferred 200 ROM(s).
	inferred 1152 Xor(s).
Unit <Encrypt> synthesized.


Synthesizing Unit <TestBench>.
    Related source file is "TestBench.v".
WARNING:Xst:647 - Input <one_bit> is never used. This port will be preserved and left unconnected if it belongs to a top-level block or it belongs to a sub-block and the hierarchy of this sub-block is preserved.
WARNING:Xst:653 - Signal <TestState> is used but never assigned. This sourceless signal will be automatically connected to value 00000000000000000000000000000000000000000000000000000000000000000000000000000000000000000000000000000000000000000000000000000000.
WARNING:Xst:646 - Signal <TestResult> is assigned but never used. This unconnected signal will be trimmed during the optimization process.
WARNING:Xst:653 - Signal <TestKey> is used but never assigned. This sourceless signal will be automatically connected to value 00000000000000010000001000000011000001000000010100000110000001110000100000001001000010100000101100001100000011010000111000001111.
Unit <TestBench> synthesized.


=========================================================================
HDL Synthesis Report

Macro Statistics
# ROMs                                                 : 200
 256x8-bit ROM                                         : 200
# Xors                                                 : 937
 1-bit xor2                                            : 752
 128-bit xor2                                          : 11
 32-bit xor2                                           : 30
 8-bit xor5                                            : 144

=========================================================================

=========================================================================
*                       Advanced HDL Synthesis                          *
=========================================================================

WARNING:Xst:1290 - Hierarchical block <e_module> is unconnected in block <TestBench>.
   It will be removed from the design.

=========================================================================
Advanced HDL Synthesis Report

Macro Statistics
# ROMs                                                 : 200
 256x8-bit ROM                                         : 200
# Xors                                                 : 937
 1-bit xor2                                            : 752
 128-bit xor2                                          : 11
 32-bit xor2                                           : 30
 8-bit xor5                                            : 144

=========================================================================

=========================================================================
*                         Low Level Synthesis                           *
=========================================================================

Optimizing unit <TestBench> ...

Mapping all equations...
Building and optimizing final netlist ...
Found area constraint ratio of 100 (+ 5) on block TestBench, actual ratio is 0.

Final Macro Processing ...

=========================================================================
Final Register Report

Found no macro
=========================================================================

=========================================================================
*                           Partition Report                            *
=========================================================================

Partition Implementation Status
-------------------------------

  No Partitions were found in this design.

-------------------------------

=========================================================================
*                            Final Report                               *
=========================================================================
Final Results
RTL Top Level Output File Name     : TestBench.ngr
Top Level Output File Name         : TestBench
Output Format                      : NGC
Optimization Goal                  : Speed
Keep Hierarchy                     : No

Design Statistics
# IOs                              : 1

Cell Usage :
=========================================================================

Device utilization summary:
---------------------------

Selected Device : 3s400pq208-4 

 Number of Slices:                        0  out of   3584     0%  
 Number of IOs:                           1
 Number of bonded IOBs:                   0  out of    141     0%  

---------------------------
Partition Resource Summary:
---------------------------

  No Partitions were found in this design.

---------------------------


=========================================================================
TIMING REPORT

NOTE: THESE TIMING NUMBERS ARE ONLY A SYNTHESIS ESTIMATE.
      FOR ACCURATE TIMING INFORMATION PLEASE REFER TO THE TRACE REPORT
      GENERATED AFTER PLACE-and-ROUTE.

Clock Information:
------------------
No clock signals found in this design

Asynchronous Control Signals Information:
----------------------------------------
No asynchronous control signals found in this design

Timing Summary:
---------------
Speed Grade: -4

   Minimum period: No path found
   Minimum input arrival time before clock: No path found
   Maximum output required time after clock: No path found
   Maximum combinational path delay: No path found

Timing Detail:
--------------
All values displayed in nanoseconds (ns)

=========================================================================


Total REAL time to Xst completion: 109.00 secs
Total CPU time to Xst completion: 107.79 secs
 
--> 


Total memory usage is 709484 kilobytes

Number of errors   :    0 (   0 filtered)
Number of warnings :   66 (   0 filtered)
Number of infos    :    0 (   0 filtered)

